Graph: /Users/wajid/Desktop/Research/Projects/BK/adaptiveBKAlgo/data/gen_small_027.txt
Exit code: 0

Running ReorderSib (Ascending degeneracy) (Optimized Exact Search) Algorithm...
ReorderSib: cliques=44  dups=0  maxSize=5  checks=53  time=0.129 ms

── ReorderSib cost breakdown ─────────────────────────────────
  rCall local logic                  0.006 ms    4.6%  calls=63
  enumerate local logic              0.013 ms    9.7%  calls=53
  collectCoveringCliques             0.006 ms    4.5%  calls=44
  dominance pruning                  0.003 ms    2.1%  calls=33
  buildHitSets                       0.003 ms    2.6%  calls=33
  sibling planning                   0.005 ms    3.5%  calls=44
  solver                             0.014 ms   11.0%  calls=16
  minimalByInclusion                 0.000 ms    0.0%  calls=0
  commonExpand                       0.003 ms    2.3%  calls=63
  sibling branch build               0.013 ms   10.1%  calls=44
  branch dedup                       0.014 ms   10.5%  calls=33
  reorder skip tests                 0.002 ms    1.3%  calls=113
  reorder branch rebuild             0.010 ms    7.8%  calls=62
  leaf recording                     0.010 ms    7.5%  calls=44
  pivot selection                    0.000 ms    0.2%  calls=9
  intersect/intersectInto            0.007 ms    5.5%  calls=223
  setDiff                            0.006 ms    4.6%  calls=179
  unionSet                           0.004 ms    3.4%  calls=149
  encodeClique                       0.001 ms    1.0%  calls=80
  sibling phase local                0.009 ms    6.7%  calls=44
  other / untimed                    0.001 ms    1.1%
  PROFILED subtotal                  0.128 ms   98.9%
  TOTAL (wall)                       0.129 ms  100.0%
──────────────────────────────────────────────────────────────
