Graph: /Users/wajid/Desktop/Research/Projects/BK/adaptiveBKAlgo/data/gen_tiny_017.txt
Exit code: 0

Running ReorderSib (Ascending degeneracy) (Optimized Exact Search) Algorithm...
ReorderSib: cliques=1  dups=0  maxSize=3  checks=3  time=0.004 ms

── ReorderSib cost breakdown ─────────────────────────────────
  rCall local logic                  0.000 ms    9.8%  calls=1
  enumerate local logic              0.001 ms   25.0%  calls=3
  collectCoveringCliques             0.000 ms    0.0%  calls=0
  dominance pruning                  0.000 ms    0.0%  calls=0
  buildHitSets                       0.000 ms    0.0%  calls=0
  sibling planning                   0.000 ms    0.0%  calls=0
  solver                             0.000 ms    0.0%  calls=0
  minimalByInclusion                 0.000 ms    0.0%  calls=0
  commonExpand                       0.000 ms    0.0%  calls=0
  sibling branch build               0.000 ms    0.0%  calls=0
  branch dedup                       0.000 ms    0.0%  calls=0
  reorder skip tests                 0.000 ms    0.0%  calls=3
  reorder branch rebuild             0.000 ms    0.0%  calls=0
  leaf recording                     0.001 ms   20.6%  calls=1
  pivot selection                    0.000 ms    8.7%  calls=2
  intersect/intersectInto            0.000 ms    5.4%  calls=4
  setDiff                            0.000 ms    0.0%  calls=0
  unionSet                           0.000 ms    0.0%  calls=0
  encodeClique                       0.000 ms    1.1%  calls=1
  sibling phase local                0.000 ms    0.0%  calls=0
  other / untimed                    0.001 ms   29.3%
  PROFILED subtotal                  0.003 ms   70.7%
  TOTAL (wall)                       0.004 ms  100.0%
──────────────────────────────────────────────────────────────
