Graph: /Users/wajid/Desktop/Research/Projects/BK/adaptiveBKAlgo/data/gen_medium_025.txt
Exit code: 0

Running ReorderSib (Ascending degeneracy) (Optimized Exact Search) Algorithm...
ReorderSib: cliques=0  dups=0  maxSize=0  checks=9  time=0.006 ms

── ReorderSib cost breakdown ─────────────────────────────────
  rCall local logic                  0.001 ms   13.9%  calls=1
  enumerate local logic              0.001 ms   19.0%  calls=9
  collectCoveringCliques             0.000 ms    0.0%  calls=0
  dominance pruning                  0.000 ms    0.0%  calls=0
  buildHitSets                       0.000 ms    0.0%  calls=0
  sibling planning                   0.000 ms    0.0%  calls=0
  solver                             0.000 ms    0.0%  calls=0
  minimalByInclusion                 0.000 ms    0.0%  calls=0
  commonExpand                       0.000 ms    0.0%  calls=0
  sibling branch build               0.000 ms    0.0%  calls=0
  branch dedup                       0.000 ms    0.0%  calls=0
  reorder skip tests                 0.000 ms    0.0%  calls=0
  reorder branch rebuild             0.000 ms    0.0%  calls=0
  leaf recording                     0.000 ms    0.0%  calls=0
  pivot selection                    0.000 ms    7.3%  calls=3
  intersect/intersectInto            0.000 ms    8.0%  calls=12
  setDiff                            0.000 ms    0.0%  calls=0
  unionSet                           0.000 ms    0.0%  calls=0
  encodeClique                       0.000 ms    0.0%  calls=0
  sibling phase local                0.000 ms    0.0%  calls=0
  other / untimed                    0.003 ms   51.8%
  PROFILED subtotal                  0.003 ms   48.2%
  TOTAL (wall)                       0.006 ms  100.0%
──────────────────────────────────────────────────────────────
