Graph: /Users/wajid/Desktop/Research/Projects/BK/adaptiveBKAlgo/data/gen_big_021.txt
Exit code: 0

Running ReorderSib (Ascending degeneracy) (Optimized Exact Search) Algorithm...
ReorderSib: cliques=6  dups=0  maxSize=3  checks=55  time=0.064 ms

── ReorderSib cost breakdown ─────────────────────────────────
  rCall local logic                  0.003 ms    5.5%  calls=63
  enumerate local logic              0.011 ms   16.8%  calls=55
  collectCoveringCliques             0.001 ms    1.6%  calls=62
  dominance pruning                  0.000 ms    0.1%  calls=5
  buildHitSets                       0.000 ms    0.2%  calls=5
  sibling planning                   0.003 ms    5.2%  calls=62
  solver                             0.000 ms    0.0%  calls=0
  minimalByInclusion                 0.000 ms    0.0%  calls=0
  commonExpand                       0.003 ms    5.2%  calls=110
  sibling branch build               0.006 ms    9.6%  calls=62
  branch dedup                       0.001 ms    1.4%  calls=5
  reorder skip tests                 0.001 ms    1.4%  calls=77
  reorder branch rebuild             0.006 ms    9.6%  calls=64
  leaf recording                     0.002 ms    3.3%  calls=6
  pivot selection                    0.001 ms    1.6%  calls=21
  intersect/intersectInto            0.003 ms    4.7%  calls=134
  setDiff                            0.002 ms    3.8%  calls=115
  unionSet                           0.004 ms    5.8%  calls=174
  encodeClique                       0.000 ms    0.1%  calls=6
  sibling phase local                0.012 ms   19.4%  calls=62
  other / untimed                    0.003 ms    4.6%
  PROFILED subtotal                  0.061 ms   95.4%
  TOTAL (wall)                       0.064 ms  100.0%
──────────────────────────────────────────────────────────────
