Graph: /Users/wajid/Desktop/Research/Projects/BK/adaptiveBKAlgo/data/gen_medium_021.txt
Exit code: 0

Running ReorderSib (Ascending degeneracy) (Optimized Exact Search) Algorithm...
ReorderSib: cliques=14  dups=0  maxSize=3  checks=35  time=0.056 ms

── ReorderSib cost breakdown ─────────────────────────────────
  rCall local logic                  0.002 ms    4.3%  calls=30
  enumerate local logic              0.007 ms   13.4%  calls=35
  collectCoveringCliques             0.002 ms    2.7%  calls=29
  dominance pruning                  0.000 ms    0.6%  calls=11
  buildHitSets                       0.001 ms    1.0%  calls=11
  sibling planning                   0.002 ms    4.3%  calls=29
  solver                             0.003 ms    4.9%  calls=2
  minimalByInclusion                 0.000 ms    0.0%  calls=0
  commonExpand                       0.002 ms    3.4%  calls=62
  sibling branch build               0.005 ms    8.7%  calls=29
  branch dedup                       0.004 ms    7.2%  calls=11
  reorder skip tests                 0.001 ms    1.4%  calls=58
  reorder branch rebuild             0.005 ms    9.3%  calls=33
  leaf recording                     0.006 ms    9.9%  calls=14
  pivot selection                    0.001 ms    1.2%  calls=14
  intersect/intersectInto            0.002 ms    3.8%  calls=72
  setDiff                            0.002 ms    3.5%  calls=75
  unionSet                           0.002 ms    3.5%  calls=96
  encodeClique                       0.000 ms    0.5%  calls=18
  sibling phase local                0.007 ms   13.4%  calls=29
  other / untimed                    0.002 ms    3.1%
  PROFILED subtotal                  0.054 ms   96.9%
  TOTAL (wall)                       0.056 ms  100.0%
──────────────────────────────────────────────────────────────
