Graph: /Users/wajid/Desktop/Research/Projects/BK/adaptiveBKAlgo/data/gen_medium_017.txt
Exit code: 0

Running ReorderSib (Ascending degeneracy) (Optimized Exact Search) Algorithm...
ReorderSib: cliques=226  dups=12  maxSize=5  checks=255  time=0.665 ms

── ReorderSib cost breakdown ─────────────────────────────────
  rCall local logic                  0.025 ms    3.8%  calls=341
  enumerate local logic              0.058 ms    8.7%  calls=255
  collectCoveringCliques             0.038 ms    5.7%  calls=228
  dominance pruning                  0.026 ms    3.9%  calls=165
  buildHitSets                       0.015 ms    2.2%  calls=165
  sibling planning                   0.020 ms    3.0%  calls=228
  solver                             0.109 ms   16.4%  calls=75
  minimalByInclusion                 0.000 ms    0.0%  calls=0
  commonExpand                       0.025 ms    3.8%  calls=355
  sibling branch build               0.056 ms    8.4%  calls=228
  branch dedup                       0.061 ms    9.1%  calls=165
  reorder skip tests                 0.008 ms    1.3%  calls=604
  reorder branch rebuild             0.055 ms    8.2%  calls=344
  leaf recording                     0.031 ms    4.7%  calls=226
  pivot selection                    0.002 ms    0.3%  calls=29
  intersect/intersectInto            0.041 ms    6.2%  calls=1374
  setDiff                            0.029 ms    4.4%  calls=1153
  unionSet                           0.017 ms    2.6%  calls=809
  encodeClique                       0.007 ms    1.0%  calls=440
  sibling phase local                0.040 ms    6.1%  calls=228
  other / untimed                    0.002 ms    0.3%
  PROFILED subtotal                  0.663 ms   99.7%
  TOTAL (wall)                       0.665 ms  100.0%
──────────────────────────────────────────────────────────────
