Graph: /Users/wajid/Desktop/Research/Projects/BK/adaptiveBKAlgo/data/gen_medium_016.txt
Exit code: 0

Running ReorderSib (Ascending degeneracy) (Optimized Exact Search) Algorithm...
ReorderSib: cliques=176  dups=5  maxSize=4  checks=201  time=0.404 ms

── ReorderSib cost breakdown ─────────────────────────────────
  rCall local logic                  0.017 ms    4.2%  calls=209
  enumerate local logic              0.040 ms   10.0%  calls=201
  collectCoveringCliques             0.017 ms    4.1%  calls=107
  dominance pruning                  0.009 ms    2.2%  calls=76
  buildHitSets                       0.008 ms    2.0%  calls=76
  sibling planning                   0.012 ms    2.9%  calls=107
  solver                             0.063 ms   15.6%  calls=41
  minimalByInclusion                 0.000 ms    0.0%  calls=0
  commonExpand                       0.015 ms    3.7%  calls=256
  sibling branch build               0.035 ms    8.7%  calls=107
  branch dedup                       0.040 ms    9.8%  calls=76
  reorder skip tests                 0.007 ms    1.7%  calls=431
  reorder branch rebuild             0.030 ms    7.5%  calls=227
  leaf recording                     0.029 ms    7.1%  calls=176
  pivot selection                    0.001 ms    0.4%  calls=24
  intersect/intersectInto            0.021 ms    5.1%  calls=725
  setDiff                            0.017 ms    4.1%  calls=626
  unionSet                           0.011 ms    2.8%  calls=531
  encodeClique                       0.004 ms    1.1%  calls=336
  sibling phase local                0.026 ms    6.3%  calls=107
  other / untimed                    0.003 ms    0.8%
  PROFILED subtotal                  0.401 ms   99.2%
  TOTAL (wall)                       0.404 ms  100.0%
──────────────────────────────────────────────────────────────
