Graph: /Users/wajid/Desktop/Research/Projects/BK/adaptiveBKAlgo/data/gen_big_016.txt
Exit code: 0

Running ReorderSib (Ascending degeneracy) (Optimized Exact Search) Algorithm...
ReorderSib: cliques=129  dups=0  maxSize=4  checks=192  time=0.410 ms

── ReorderSib cost breakdown ─────────────────────────────────
  rCall local logic                  0.017 ms    4.0%  calls=213
  enumerate local logic              0.044 ms   10.8%  calls=192
  collectCoveringCliques             0.010 ms    2.5%  calls=195
  dominance pruning                  0.002 ms    0.5%  calls=85
  buildHitSets                       0.004 ms    1.1%  calls=85
  sibling planning                   0.016 ms    4.0%  calls=195
  solver                             0.034 ms    8.4%  calls=39
  minimalByInclusion                 0.000 ms    0.0%  calls=0
  commonExpand                       0.027 ms    6.5%  calls=700
  sibling branch build               0.052 ms   12.6%  calls=195
  branch dedup                       0.033 ms    8.1%  calls=85
  reorder skip tests                 0.007 ms    1.7%  calls=517
  reorder branch rebuild             0.031 ms    7.4%  calls=331
  leaf recording                     0.025 ms    6.1%  calls=129
  pivot selection                    0.002 ms    0.5%  calls=56
  intersect/intersectInto            0.016 ms    4.0%  calls=604
  setDiff                            0.021 ms    5.2%  calls=898
  unionSet                           0.021 ms    5.1%  calls=1054
  encodeClique                       0.003 ms    0.7%  calls=206
  sibling phase local                0.038 ms    9.4%  calls=195
  other / untimed                    0.005 ms    1.2%
  PROFILED subtotal                  0.405 ms   98.8%
  TOTAL (wall)                       0.410 ms  100.0%
──────────────────────────────────────────────────────────────
