Graph: /Users/wajid/Desktop/Research/Projects/BK/adaptiveBKAlgo/data/gen_big_005.txt
Exit code: 0

Running ReorderSib (Ascending degeneracy) (Optimized Exact Search) Algorithm...
ReorderSib: cliques=178  dups=0  maxSize=4  checks=214  time=0.490 ms

── ReorderSib cost breakdown ─────────────────────────────────
  rCall local logic                  0.021 ms    4.3%  calls=223
  enumerate local logic              0.050 ms   10.3%  calls=214
  collectCoveringCliques             0.014 ms    2.9%  calls=161
  dominance pruning                  0.005 ms    1.0%  calls=102
  buildHitSets                       0.008 ms    1.6%  calls=102
  sibling planning                   0.015 ms    3.1%  calls=161
  solver                             0.057 ms   11.7%  calls=52
  minimalByInclusion                 0.000 ms    0.0%  calls=0
  commonExpand                       0.023 ms    4.7%  calls=535
  sibling branch build               0.054 ms   11.1%  calls=161
  branch dedup                       0.049 ms    9.9%  calls=102
  reorder skip tests                 0.007 ms    1.5%  calls=544
  reorder branch rebuild             0.038 ms    7.7%  calls=334
  leaf recording                     0.030 ms    6.1%  calls=178
  pivot selection                    0.002 ms    0.3%  calls=33
  intersect/intersectInto            0.023 ms    4.8%  calls=767
  setDiff                            0.024 ms    4.9%  calls=865
  unionSet                           0.021 ms    4.3%  calls=932
  encodeClique                       0.005 ms    1.1%  calls=325
  sibling phase local                0.040 ms    8.1%  calls=161
  other / untimed                    0.004 ms    0.8%
  PROFILED subtotal                  0.486 ms   99.2%
  TOTAL (wall)                       0.490 ms  100.0%
──────────────────────────────────────────────────────────────
