Graph: /Users/wajid/Desktop/Research/Projects/BK/adaptiveBKAlgo/data/gen_medium_029.txt
Exit code: 0

Running ReorderSib (Ascending degeneracy) (Optimized Exact Search) Algorithm...
ReorderSib: cliques=143  dups=6  maxSize=5  checks=158  time=0.385 ms

── ReorderSib cost breakdown ─────────────────────────────────
  rCall local logic                  0.017 ms    4.3%  calls=188
  enumerate local logic              0.035 ms    9.0%  calls=158
  collectCoveringCliques             0.019 ms    4.8%  calls=112
  dominance pruning                  0.012 ms    3.2%  calls=82
  buildHitSets                       0.008 ms    2.1%  calls=82
  sibling planning                   0.012 ms    3.1%  calls=112
  solver                             0.063 ms   16.5%  calls=46
  minimalByInclusion                 0.000 ms    0.0%  calls=0
  commonExpand                       0.013 ms    3.4%  calls=195
  sibling branch build               0.031 ms    8.2%  calls=112
  branch dedup                       0.036 ms    9.3%  calls=82
  reorder skip tests                 0.006 ms    1.5%  calls=347
  reorder branch rebuild             0.030 ms    7.7%  calls=191
  leaf recording                     0.021 ms    5.3%  calls=143
  pivot selection                    0.001 ms    0.4%  calls=15
  intersect/intersectInto            0.021 ms    5.5%  calls=653
  setDiff                            0.017 ms    4.4%  calls=586
  unionSet                           0.010 ms    2.6%  calls=433
  encodeClique                       0.004 ms    1.0%  calls=278
  sibling phase local                0.027 ms    7.1%  calls=112
  other / untimed                    0.002 ms    0.5%
  PROFILED subtotal                  0.383 ms   99.5%
  TOTAL (wall)                       0.385 ms  100.0%
──────────────────────────────────────────────────────────────
