Graph: /Users/wajid/Desktop/Research/Projects/BK/adaptiveBKAlgo/data/gen_medium_019.txt
Exit code: 0

Running ReorderSib (Ascending degeneracy) (Optimized Exact Search) Algorithm...
ReorderSib: cliques=5  dups=0  maxSize=8  checks=24  time=0.035 ms

── ReorderSib cost breakdown ─────────────────────────────────
  rCall local logic                  0.002 ms    4.4%  calls=21
  enumerate local logic              0.006 ms   16.1%  calls=24
  collectCoveringCliques             0.001 ms    3.6%  calls=20
  dominance pruning                  0.000 ms    0.8%  calls=16
  buildHitSets                       0.001 ms    1.8%  calls=16
  sibling planning                   0.002 ms    5.4%  calls=20
  solver                             0.000 ms    0.0%  calls=0
  minimalByInclusion                 0.000 ms    0.0%  calls=0
  commonExpand                       0.001 ms    2.7%  calls=23
  sibling branch build               0.002 ms    6.5%  calls=20
  branch dedup                       0.001 ms    3.9%  calls=16
  reorder skip tests                 0.001 ms    2.2%  calls=45
  reorder branch rebuild             0.002 ms    5.5%  calls=21
  leaf recording                     0.003 ms    9.3%  calls=5
  pivot selection                    0.001 ms    3.7%  calls=19
  intersect/intersectInto            0.003 ms    9.2%  calls=60
  setDiff                            0.001 ms    3.2%  calls=39
  unionSet                           0.001 ms    4.1%  calls=44
  encodeClique                       0.000 ms    0.5%  calls=6
  sibling phase local                0.004 ms   11.9%  calls=20
  other / untimed                    0.002 ms    5.2%
  PROFILED subtotal                  0.034 ms   94.8%
  TOTAL (wall)                       0.035 ms  100.0%
──────────────────────────────────────────────────────────────
