Graph: /Users/wajid/Desktop/Research/Projects/BK/adaptiveBKAlgo/data/gen_big_025.txt
Exit code: 0

Running ReorderSib (Ascending degeneracy) (Optimized Exact Search) Algorithm...
ReorderSib: cliques=2  dups=0  maxSize=3  checks=20  time=0.040 ms

── ReorderSib cost breakdown ─────────────────────────────────
  rCall local logic                  0.002 ms    4.6%  calls=44
  enumerate local logic              0.006 ms   15.7%  calls=20
  collectCoveringCliques             0.001 ms    1.8%  calls=43
  dominance pruning                  0.000 ms    0.1%  calls=1
  buildHitSets                       0.000 ms    0.1%  calls=1
  sibling planning                   0.002 ms    3.9%  calls=43
  solver                             0.000 ms    0.0%  calls=0
  minimalByInclusion                 0.000 ms    0.0%  calls=0
  commonExpand                       0.002 ms    4.2%  calls=61
  sibling branch build               0.004 ms   11.1%  calls=43
  branch dedup                       0.000 ms    0.3%  calls=1
  reorder skip tests                 0.001 ms    2.0%  calls=55
  reorder branch rebuild             0.005 ms   11.6%  calls=50
  leaf recording                     0.001 ms    2.6%  calls=2
  pivot selection                    0.001 ms    1.5%  calls=8
  intersect/intersectInto            0.002 ms    4.0%  calls=76
  setDiff                            0.001 ms    3.2%  calls=62
  unionSet                           0.002 ms    5.5%  calls=111
  encodeClique                       0.000 ms    0.1%  calls=2
  sibling phase local                0.006 ms   15.9%  calls=43
  other / untimed                    0.005 ms   11.9%
  PROFILED subtotal                  0.035 ms   88.1%
  TOTAL (wall)                       0.040 ms  100.0%
──────────────────────────────────────────────────────────────
