Graph: /Users/wajid/Desktop/Research/Projects/BK/adaptiveBKAlgo/data/gen_medium_002.txt
Exit code: 0

Running ReorderSib (Ascending degeneracy) (Optimized Exact Search) Algorithm...
ReorderSib: cliques=3  dups=0  maxSize=3  checks=63  time=0.023 ms

── ReorderSib cost breakdown ─────────────────────────────────
  rCall local logic                  0.002 ms    8.2%  calls=11
  enumerate local logic              0.007 ms   28.5%  calls=63
  collectCoveringCliques             0.000 ms    1.2%  calls=10
  dominance pruning                  0.000 ms    0.2%  calls=2
  buildHitSets                       0.000 ms    0.4%  calls=2
  sibling planning                   0.001 ms    3.0%  calls=10
  solver                             0.000 ms    0.0%  calls=0
  minimalByInclusion                 0.000 ms    0.0%  calls=0
  commonExpand                       0.001 ms    2.1%  calls=14
  sibling branch build               0.001 ms    6.2%  calls=10
  branch dedup                       0.001 ms    2.3%  calls=2
  reorder skip tests                 0.000 ms    0.5%  calls=17
  reorder branch rebuild             0.002 ms    6.4%  calls=11
  leaf recording                     0.001 ms    4.8%  calls=3
  pivot selection                    0.001 ms    3.8%  calls=22
  intersect/intersectInto            0.002 ms    7.7%  calls=94
  setDiff                            0.000 ms    1.8%  calls=16
  unionSet                           0.001 ms    3.0%  calls=25
  encodeClique                       0.000 ms    0.4%  calls=4
  sibling phase local                0.003 ms   10.7%  calls=10
  other / untimed                    0.002 ms    8.7%
  PROFILED subtotal                  0.021 ms   91.3%
  TOTAL (wall)                       0.023 ms  100.0%
──────────────────────────────────────────────────────────────
