Graph: /Users/wajid/Desktop/Research/Projects/BK/adaptiveBKAlgo/data/gen_small_008.txt
Exit code: 0

Running ReorderSib (Ascending degeneracy) (Optimized Exact Search) Algorithm...
ReorderSib: cliques=6  dups=0  maxSize=3  checks=17  time=0.023 ms

── ReorderSib cost breakdown ─────────────────────────────────
  rCall local logic                  0.001 ms    5.5%  calls=11
  enumerate local logic              0.004 ms   18.8%  calls=17
  collectCoveringCliques             0.001 ms    2.7%  calls=10
  dominance pruning                  0.000 ms    1.1%  calls=3
  buildHitSets                       0.000 ms    0.5%  calls=3
  sibling planning                   0.002 ms    7.1%  calls=10
  solver                             0.001 ms    4.3%  calls=1
  minimalByInclusion                 0.000 ms    0.0%  calls=0
  commonExpand                       0.000 ms    1.6%  calls=15
  sibling branch build               0.002 ms    8.2%  calls=10
  branch dedup                       0.001 ms    3.8%  calls=3
  reorder skip tests                 0.000 ms    1.4%  calls=21
  reorder branch rebuild             0.001 ms    5.5%  calls=10
  leaf recording                     0.002 ms   10.4%  calls=6
  pivot selection                    0.000 ms    1.8%  calls=7
  intersect/intersectInto            0.001 ms    3.9%  calls=30
  setDiff                            0.001 ms    2.5%  calls=19
  unionSet                           0.001 ms    2.9%  calls=25
  encodeClique                       0.000 ms    0.5%  calls=8
  sibling phase local                0.003 ms   11.6%  calls=10
  other / untimed                    0.001 ms    5.9%
  PROFILED subtotal                  0.022 ms   94.1%
  TOTAL (wall)                       0.023 ms  100.0%
──────────────────────────────────────────────────────────────
