Graph: /Users/wajid/Desktop/Research/Projects/BK/adaptiveBKAlgo/data/gen_medium_006.txt
Exit code: 0

Running ReorderSib (Ascending degeneracy) (Optimized Exact Search) Algorithm...
ReorderSib: cliques=0  dups=0  maxSize=0  checks=0  time=0.003 ms

── ReorderSib cost breakdown ─────────────────────────────────
  rCall local logic                  0.000 ms   12.7%  calls=1
  enumerate local logic              0.000 ms    0.0%  calls=0
  collectCoveringCliques             0.000 ms    0.0%  calls=0
  dominance pruning                  0.000 ms    0.0%  calls=0
  buildHitSets                       0.000 ms    0.0%  calls=0
  sibling planning                   0.000 ms    0.0%  calls=0
  solver                             0.000 ms    0.0%  calls=0
  minimalByInclusion                 0.000 ms    0.0%  calls=0
  commonExpand                       0.000 ms    0.0%  calls=0
  sibling branch build               0.000 ms    0.0%  calls=0
  branch dedup                       0.000 ms    0.0%  calls=0
  reorder skip tests                 0.000 ms    0.0%  calls=0
  reorder branch rebuild             0.000 ms    0.0%  calls=0
  leaf recording                     0.000 ms    0.0%  calls=0
  pivot selection                    0.000 ms    0.0%  calls=0
  intersect/intersectInto            0.000 ms    0.0%  calls=0
  setDiff                            0.000 ms    0.0%  calls=0
  unionSet                           0.000 ms    0.0%  calls=0
  encodeClique                       0.000 ms    0.0%  calls=0
  sibling phase local                0.000 ms    0.0%  calls=0
  other / untimed                    0.003 ms   87.3%
  PROFILED subtotal                  0.000 ms   12.7%
  TOTAL (wall)                       0.003 ms  100.0%
──────────────────────────────────────────────────────────────
