Graph: /Users/wajid/Desktop/Research/Projects/BK/adaptiveBKAlgo/data/gen_medium_001.txt
Exit code: 0

Running ReorderSib (Ascending degeneracy) (Optimized Exact Search) Algorithm...
ReorderSib: cliques=8  dups=0  maxSize=8  checks=37  time=0.053 ms

── ReorderSib cost breakdown ─────────────────────────────────
  rCall local logic                  0.002 ms    3.9%  calls=29
  enumerate local logic              0.010 ms   18.1%  calls=37
  collectCoveringCliques             0.002 ms    4.1%  calls=28
  dominance pruning                  0.001 ms    1.6%  calls=18
  buildHitSets                       0.001 ms    2.3%  calls=18
  sibling planning                   0.003 ms    5.9%  calls=28
  solver                             0.000 ms    0.0%  calls=0
  minimalByInclusion                 0.000 ms    0.0%  calls=0
  commonExpand                       0.002 ms    3.3%  calls=36
  sibling branch build               0.003 ms    6.5%  calls=28
  branch dedup                       0.001 ms    2.7%  calls=18
  reorder skip tests                 0.001 ms    1.9%  calls=59
  reorder branch rebuild             0.003 ms    6.5%  calls=28
  leaf recording                     0.005 ms    9.1%  calls=8
  pivot selection                    0.001 ms    2.6%  calls=25
  intersect/intersectInto            0.003 ms    6.1%  calls=82
  setDiff                            0.001 ms    2.5%  calls=57
  unionSet                           0.002 ms    3.5%  calls=64
  encodeClique                       0.000 ms    0.5%  calls=8
  sibling phase local                0.007 ms   13.8%  calls=28
  other / untimed                    0.003 ms    5.2%
  PROFILED subtotal                  0.051 ms   94.8%
  TOTAL (wall)                       0.053 ms  100.0%
──────────────────────────────────────────────────────────────
