Graph: /Users/wajid/Desktop/Research/Projects/BK/adaptiveBKAlgo/data/gen_big_028.txt
Exit code: 0

Running ReorderSib (Ascending degeneracy) (Optimized Exact Search) Algorithm...
ReorderSib: cliques=37  dups=0  maxSize=3  checks=74  time=0.164 ms

── ReorderSib cost breakdown ─────────────────────────────────
  rCall local logic                  0.006 ms    3.7%  calls=101
  enumerate local logic              0.022 ms   13.3%  calls=74
  collectCoveringCliques             0.003 ms    2.0%  calls=99
  dominance pruning                  0.001 ms    0.4%  calls=29
  buildHitSets                       0.001 ms    0.6%  calls=29
  sibling planning                   0.007 ms    4.5%  calls=99
  solver                             0.005 ms    3.3%  calls=6
  minimalByInclusion                 0.000 ms    0.0%  calls=0
  commonExpand                       0.010 ms    5.8%  calls=281
  sibling branch build               0.019 ms   11.7%  calls=99
  branch dedup                       0.011 ms    6.7%  calls=29
  reorder skip tests                 0.003 ms    1.6%  calls=184
  reorder branch rebuild             0.013 ms    7.9%  calls=126
  leaf recording                     0.009 ms    5.3%  calls=37
  pivot selection                    0.001 ms    0.6%  calls=26
  intersect/intersectInto            0.006 ms    3.4%  calls=215
  setDiff                            0.008 ms    5.0%  calls=322
  unionSet                           0.009 ms    5.8%  calls=413
  encodeClique                       0.001 ms    0.5%  calls=54
  sibling phase local                0.026 ms   15.6%  calls=99
  other / untimed                    0.004 ms    2.4%
  PROFILED subtotal                  0.160 ms   97.6%
  TOTAL (wall)                       0.164 ms  100.0%
──────────────────────────────────────────────────────────────
