Graph: /Users/wajid/Desktop/Research/Projects/BK/adaptiveBKAlgo/data/gen_big_013.txt
Exit code: 0

Running ReorderSib (Ascending degeneracy) (Optimized Exact Search) Algorithm...
ReorderSib: cliques=1  dups=0  maxSize=3  checks=81  time=0.017 ms

── ReorderSib cost breakdown ─────────────────────────────────
  rCall local logic                  0.002 ms   10.2%  calls=2
  enumerate local logic              0.006 ms   35.9%  calls=81
  collectCoveringCliques             0.000 ms    0.2%  calls=1
  dominance pruning                  0.000 ms    0.0%  calls=0
  buildHitSets                       0.000 ms    0.0%  calls=0
  sibling planning                   0.000 ms    1.0%  calls=1
  solver                             0.000 ms    0.0%  calls=0
  minimalByInclusion                 0.000 ms    0.0%  calls=0
  commonExpand                       0.000 ms    0.2%  calls=1
  sibling branch build               0.000 ms    1.5%  calls=1
  branch dedup                       0.000 ms    0.0%  calls=0
  reorder skip tests                 0.000 ms    0.2%  calls=5
  reorder branch rebuild             0.000 ms    1.0%  calls=2
  leaf recording                     0.001 ms    2.9%  calls=1
  pivot selection                    0.002 ms    9.0%  calls=28
  intersect/intersectInto            0.002 ms   10.0%  calls=110
  setDiff                            0.000 ms    0.2%  calls=1
  unionSet                           0.000 ms    1.5%  calls=3
  encodeClique                       0.000 ms    0.0%  calls=1
  sibling phase local                0.000 ms    2.2%  calls=1
  other / untimed                    0.004 ms   23.9%
  PROFILED subtotal                  0.013 ms   76.1%
  TOTAL (wall)                       0.017 ms  100.0%
──────────────────────────────────────────────────────────────
