Graph: /Users/wajid/Desktop/Research/Projects/BK/adaptiveBKAlgo/data/gen_big_027.txt
Exit code: 0

Running ReorderSib (Ascending degeneracy) (Optimized Exact Search) Algorithm...
ReorderSib: cliques=34  dups=0  maxSize=3  checks=115  time=0.221 ms

── ReorderSib cost breakdown ─────────────────────────────────
  rCall local logic                  0.009 ms    4.0%  calls=143
  enumerate local logic              0.032 ms   14.3%  calls=115
  collectCoveringCliques             0.004 ms    1.9%  calls=141
  dominance pruning                  0.001 ms    0.3%  calls=33
  buildHitSets                       0.001 ms    0.4%  calls=33
  sibling planning                   0.011 ms    4.9%  calls=141
  solver                             0.003 ms    1.3%  calls=2
  minimalByInclusion                 0.000 ms    0.0%  calls=0
  commonExpand                       0.015 ms    6.9%  calls=390
  sibling branch build               0.028 ms   12.9%  calls=141
  branch dedup                       0.012 ms    5.2%  calls=33
  reorder skip tests                 0.004 ms    1.6%  calls=224
  reorder branch rebuild             0.018 ms    8.4%  calls=163
  leaf recording                     0.009 ms    4.0%  calls=34
  pivot selection                    0.002 ms    0.9%  calls=44
  intersect/intersectInto            0.008 ms    3.8%  calls=304
  setDiff                            0.010 ms    4.6%  calls=429
  unionSet                           0.012 ms    5.6%  calls=555
  encodeClique                       0.001 ms    0.5%  calls=42
  sibling phase local                0.035 ms   15.8%  calls=141
  other / untimed                    0.006 ms    2.8%
  PROFILED subtotal                  0.215 ms   97.2%
  TOTAL (wall)                       0.221 ms  100.0%
──────────────────────────────────────────────────────────────
