Graph: /Users/wajid/Desktop/Research/Projects/BK/adaptiveBKAlgo/data/gen_big_015.txt
Exit code: 0

Running ReorderSib (Ascending degeneracy) (Optimized Exact Search) Algorithm...
ReorderSib: cliques=10  dups=0  maxSize=3  checks=41  time=0.103 ms

── ReorderSib cost breakdown ─────────────────────────────────
  rCall local logic                  0.005 ms    4.8%  calls=99
  enumerate local logic              0.014 ms   13.4%  calls=41
  collectCoveringCliques             0.002 ms    1.7%  calls=98
  dominance pruning                  0.000 ms    0.2%  calls=8
  buildHitSets                       0.000 ms    0.3%  calls=8
  sibling planning                   0.004 ms    4.3%  calls=98
  solver                             0.001 ms    1.3%  calls=1
  minimalByInclusion                 0.000 ms    0.0%  calls=0
  commonExpand                       0.008 ms    7.3%  calls=199
  sibling branch build               0.013 ms   12.5%  calls=98
  branch dedup                       0.001 ms    1.4%  calls=8
  reorder skip tests                 0.002 ms    1.5%  calls=123
  reorder branch rebuild             0.011 ms   11.1%  calls=103
  leaf recording                     0.004 ms    3.5%  calls=10
  pivot selection                    0.001 ms    0.8%  calls=17
  intersect/intersectInto            0.004 ms    3.5%  calls=151
  setDiff                            0.004 ms    3.5%  calls=208
  unionSet                           0.007 ms    6.7%  calls=302
  encodeClique                       0.000 ms    0.1%  calls=11
  sibling phase local                0.018 ms   18.0%  calls=98
  other / untimed                    0.004 ms    3.9%
  PROFILED subtotal                  0.099 ms   96.1%
  TOTAL (wall)                       0.103 ms  100.0%
──────────────────────────────────────────────────────────────
