Graph: /Users/wajid/Desktop/Research/Projects/BK/adaptiveBKAlgo/data/gen_medium_018.txt
Exit code: 0

Running ReorderSib (Ascending degeneracy) (Optimized Exact Search) Algorithm...
ReorderSib: cliques=14  dups=0  maxSize=3  checks=56  time=0.060 ms

── ReorderSib cost breakdown ─────────────────────────────────
  rCall local logic                  0.004 ms    6.1%  calls=26
  enumerate local logic              0.011 ms   17.7%  calls=56
  collectCoveringCliques             0.001 ms    1.7%  calls=24
  dominance pruning                  0.001 ms    0.8%  calls=10
  buildHitSets                       0.001 ms    1.0%  calls=10
  sibling planning                   0.002 ms    3.5%  calls=24
  solver                             0.003 ms    4.1%  calls=2
  minimalByInclusion                 0.000 ms    0.0%  calls=0
  commonExpand                       0.002 ms    3.4%  calls=56
  sibling branch build               0.005 ms    9.0%  calls=24
  branch dedup                       0.005 ms    8.9%  calls=10
  reorder skip tests                 0.001 ms    1.4%  calls=54
  reorder branch rebuild             0.004 ms    6.5%  calls=32
  leaf recording                     0.004 ms    6.5%  calls=14
  pivot selection                    0.001 ms    2.1%  calls=18
  intersect/intersectInto            0.003 ms    4.3%  calls=105
  setDiff                            0.002 ms    2.7%  calls=70
  unionSet                           0.002 ms    3.5%  calls=89
  encodeClique                       0.000 ms    0.5%  calls=21
  sibling phase local                0.008 ms   12.5%  calls=24
  other / untimed                    0.002 ms    3.8%
  PROFILED subtotal                  0.058 ms   96.2%
  TOTAL (wall)                       0.060 ms  100.0%
──────────────────────────────────────────────────────────────
