Graph: /Users/wajid/Desktop/Research/Projects/BK/adaptiveBKAlgo/data/gen_big_004.txt
Exit code: 0

Running ReorderSib (Ascending degeneracy) (Optimized Exact Search) Algorithm...
ReorderSib: cliques=20  dups=0  maxSize=3  checks=50  time=0.118 ms

── ReorderSib cost breakdown ─────────────────────────────────
  rCall local logic                  0.005 ms    4.1%  calls=79
  enumerate local logic              0.018 ms   15.3%  calls=50
  collectCoveringCliques             0.002 ms    1.9%  calls=78
  dominance pruning                  0.000 ms    0.3%  calls=19
  buildHitSets                       0.001 ms    0.6%  calls=19
  sibling planning                   0.004 ms    3.8%  calls=78
  solver                             0.000 ms    0.0%  calls=0
  minimalByInclusion                 0.000 ms    0.0%  calls=0
  commonExpand                       0.008 ms    6.4%  calls=197
  sibling branch build               0.013 ms   11.4%  calls=78
  branch dedup                       0.006 ms    4.8%  calls=19
  reorder skip tests                 0.002 ms    1.4%  calls=130
  reorder branch rebuild             0.010 ms    8.7%  calls=92
  leaf recording                     0.005 ms    4.4%  calls=20
  pivot selection                    0.001 ms    0.6%  calls=22
  intersect/intersectInto            0.004 ms    3.1%  calls=149
  setDiff                            0.005 ms    4.0%  calls=216
  unionSet                           0.007 ms    6.3%  calls=291
  encodeClique                       0.000 ms    0.3%  calls=23
  sibling phase local                0.023 ms   19.6%  calls=78
  other / untimed                    0.004 ms    3.2%
  PROFILED subtotal                  0.115 ms   96.8%
  TOTAL (wall)                       0.118 ms  100.0%
──────────────────────────────────────────────────────────────
