Graph: /Users/wajid/Desktop/Research/Projects/BK/adaptiveBKAlgo/data/gen_tiny_005.txt
Exit code: 0

Running ReorderSib (Ascending degeneracy) (Optimized Exact Search) Algorithm...
ReorderSib: cliques=4  dups=0  maxSize=5  checks=12  time=0.016 ms

── ReorderSib cost breakdown ─────────────────────────────────
  rCall local logic                  0.001 ms    4.5%  calls=4
  enumerate local logic              0.003 ms   18.0%  calls=12
  collectCoveringCliques             0.000 ms    1.9%  calls=3
  dominance pruning                  0.000 ms    0.5%  calls=2
  buildHitSets                       0.000 ms    0.5%  calls=2
  sibling planning                   0.001 ms    4.3%  calls=3
  solver                             0.000 ms    0.0%  calls=0
  minimalByInclusion                 0.000 ms    0.0%  calls=0
  commonExpand                       0.000 ms    1.3%  calls=6
  sibling branch build               0.002 ms   12.3%  calls=3
  branch dedup                       0.001 ms    8.6%  calls=2
  reorder skip tests                 0.000 ms    2.1%  calls=15
  reorder branch rebuild             0.001 ms    4.6%  calls=3
  leaf recording                     0.002 ms   13.4%  calls=4
  pivot selection                    0.000 ms    2.9%  calls=8
  intersect/intersectInto            0.001 ms    7.8%  calls=23
  setDiff                            0.000 ms    2.1%  calls=8
  unionSet                           0.000 ms    1.6%  calls=9
  encodeClique                       0.000 ms    0.8%  calls=4
  sibling phase local                0.001 ms    5.6%  calls=3
  other / untimed                    0.001 ms    7.0%
  PROFILED subtotal                  0.014 ms   93.0%
  TOTAL (wall)                       0.016 ms  100.0%
──────────────────────────────────────────────────────────────
