Graph: /Users/wajid/Desktop/Research/Projects/BK/adaptiveBKAlgo/data/gen_big_020.txt
Exit code: 0

Running ReorderSib (Ascending degeneracy) (Optimized Exact Search) Algorithm...
ReorderSib: cliques=5  dups=0  maxSize=10  checks=87  time=0.069 ms

── ReorderSib cost breakdown ─────────────────────────────────
  rCall local logic                  0.003 ms    4.3%  calls=34
  enumerate local logic              0.015 ms   21.1%  calls=87
  collectCoveringCliques             0.002 ms    3.5%  calls=33
  dominance pruning                  0.001 ms    1.1%  calls=26
  buildHitSets                       0.001 ms    2.1%  calls=26
  sibling planning                   0.003 ms    4.2%  calls=33
  solver                             0.000 ms    0.0%  calls=0
  minimalByInclusion                 0.000 ms    0.0%  calls=0
  commonExpand                       0.002 ms    2.3%  calls=36
  sibling branch build               0.004 ms    5.8%  calls=33
  branch dedup                       0.002 ms    3.3%  calls=26
  reorder skip tests                 0.001 ms    1.6%  calls=70
  reorder branch rebuild             0.006 ms    8.8%  calls=34
  leaf recording                     0.005 ms    6.8%  calls=5
  pivot selection                    0.003 ms    4.4%  calls=48
  intersect/intersectInto            0.005 ms    7.5%  calls=164
  setDiff                            0.002 ms    2.7%  calls=62
  unionSet                           0.002 ms    2.8%  calls=70
  encodeClique                       0.000 ms    0.4%  calls=5
  sibling phase local                0.006 ms    8.5%  calls=33
  other / untimed                    0.006 ms    9.0%
  PROFILED subtotal                  0.063 ms   91.0%
  TOTAL (wall)                       0.069 ms  100.0%
──────────────────────────────────────────────────────────────
