Graph: /Users/wajid/Desktop/Research/Projects/BK/adaptiveBKAlgo/data/gen_big_003.txt
Exit code: 0

Running ReorderSib (Ascending degeneracy) (Optimized Exact Search) Algorithm...
ReorderSib: cliques=7  dups=0  maxSize=3  checks=18  time=0.077 ms

── ReorderSib cost breakdown ─────────────────────────────────
  rCall local logic                  0.003 ms    3.9%  calls=62
  enumerate local logic              0.012 ms   15.8%  calls=18
  collectCoveringCliques             0.001 ms    1.9%  calls=61
  dominance pruning                  0.000 ms    0.4%  calls=6
  buildHitSets                       0.001 ms    0.7%  calls=6
  sibling planning                   0.004 ms    5.0%  calls=61
  solver                             0.000 ms    0.0%  calls=0
  minimalByInclusion                 0.000 ms    0.0%  calls=0
  commonExpand                       0.005 ms    5.9%  calls=105
  sibling branch build               0.008 ms   10.7%  calls=61
  branch dedup                       0.002 ms    2.0%  calls=6
  reorder skip tests                 0.001 ms    1.3%  calls=79
  reorder branch rebuild             0.008 ms   10.7%  calls=64
  leaf recording                     0.003 ms    3.5%  calls=7
  pivot selection                    0.000 ms    0.5%  calls=9
  intersect/intersectInto            0.002 ms    2.7%  calls=84
  setDiff                            0.003 ms    3.6%  calls=111
  unionSet                           0.004 ms    5.3%  calls=169
  encodeClique                       0.000 ms    0.1%  calls=7
  sibling phase local                0.016 ms   20.2%  calls=61
  other / untimed                    0.004 ms    5.8%
  PROFILED subtotal                  0.073 ms   94.2%
  TOTAL (wall)                       0.077 ms  100.0%
──────────────────────────────────────────────────────────────
