Graph: /Users/wajid/Desktop/Research/Projects/BK/adaptiveBKAlgo/data/gen_medium_010.txt
Exit code: 0

Running ReorderSib (Ascending degeneracy) (Optimized Exact Search) Algorithm...
ReorderSib: cliques=4  dups=0  maxSize=8  checks=26  time=0.032 ms

── ReorderSib cost breakdown ─────────────────────────────────
  rCall local logic                  0.001 ms    3.5%  calls=20
  enumerate local logic              0.007 ms   20.2%  calls=26
  collectCoveringCliques             0.001 ms    3.7%  calls=19
  dominance pruning                  0.000 ms    1.2%  calls=15
  buildHitSets                       0.000 ms    1.2%  calls=15
  sibling planning                   0.001 ms    4.6%  calls=19
  solver                             0.000 ms    0.0%  calls=0
  minimalByInclusion                 0.000 ms    0.0%  calls=0
  commonExpand                       0.001 ms    1.8%  calls=20
  sibling branch build               0.003 ms    7.7%  calls=19
  branch dedup                       0.001 ms    2.6%  calls=15
  reorder skip tests                 0.001 ms    2.3%  calls=44
  reorder branch rebuild             0.003 ms    9.0%  calls=21
  leaf recording                     0.002 ms    6.8%  calls=4
  pivot selection                    0.001 ms    4.2%  calls=20
  intersect/intersectInto            0.002 ms    7.0%  calls=63
  setDiff                            0.001 ms    3.3%  calls=35
  unionSet                           0.001 ms    3.1%  calls=41
  encodeClique                       0.000 ms    0.6%  calls=4
  sibling phase local                0.004 ms   11.3%  calls=19
  other / untimed                    0.002 ms    5.9%
  PROFILED subtotal                  0.031 ms   94.1%
  TOTAL (wall)                       0.032 ms  100.0%
──────────────────────────────────────────────────────────────
