Graph: /Users/wajid/Desktop/Research/Projects/BK/adaptiveBKAlgo/data/gen_medium_022.txt
Exit code: 0

Running ReorderSib (Ascending degeneracy) (Optimized Exact Search) Algorithm...
ReorderSib: cliques=26  dups=0  maxSize=4  checks=57  time=0.073 ms

── ReorderSib cost breakdown ─────────────────────────────────
  rCall local logic                  0.004 ms    6.0%  calls=31
  enumerate local logic              0.010 ms   14.3%  calls=57
  collectCoveringCliques             0.002 ms    2.8%  calls=24
  dominance pruning                  0.001 ms    1.3%  calls=14
  buildHitSets                       0.001 ms    1.3%  calls=14
  sibling planning                   0.002 ms    2.8%  calls=24
  solver                             0.007 ms    9.7%  calls=5
  minimalByInclusion                 0.000 ms    0.0%  calls=0
  commonExpand                       0.002 ms    2.3%  calls=52
  sibling branch build               0.007 ms    9.7%  calls=24
  branch dedup                       0.006 ms    8.8%  calls=14
  reorder skip tests                 0.001 ms    1.6%  calls=80
  reorder branch rebuild             0.005 ms    6.3%  calls=43
  leaf recording                     0.006 ms    8.2%  calls=26
  pivot selection                    0.001 ms    1.4%  calls=17
  intersect/intersectInto            0.004 ms    5.9%  calls=126
  setDiff                            0.003 ms    3.6%  calls=89
  unionSet                           0.002 ms    3.0%  calls=97
  encodeClique                       0.001 ms    0.7%  calls=43
  sibling phase local                0.006 ms    8.0%  calls=24
  other / untimed                    0.002 ms    2.2%
  PROFILED subtotal                  0.071 ms   97.8%
  TOTAL (wall)                       0.073 ms  100.0%
──────────────────────────────────────────────────────────────
