Graph: /Users/wajid/Desktop/Research/Projects/BK/adaptiveBKAlgo/data/gen_medium_000.txt
Exit code: 0

Running ReorderSib (Ascending degeneracy) (Optimized Exact Search) Algorithm...
ReorderSib: cliques=15  dups=0  maxSize=3  checks=42  time=0.086 ms

── ReorderSib cost breakdown ─────────────────────────────────
  rCall local logic                  0.003 ms    3.8%  calls=55
  enumerate local logic              0.013 ms   14.7%  calls=42
  collectCoveringCliques             0.002 ms    2.3%  calls=53
  dominance pruning                  0.000 ms    0.5%  calls=13
  buildHitSets                       0.001 ms    1.0%  calls=13
  sibling planning                   0.004 ms    5.2%  calls=53
  solver                             0.001 ms    1.3%  calls=2
  minimalByInclusion                 0.000 ms    0.0%  calls=0
  commonExpand                       0.006 ms    6.8%  calls=157
  sibling branch build               0.010 ms   12.0%  calls=53
  branch dedup                       0.005 ms    5.5%  calls=13
  reorder skip tests                 0.001 ms    1.1%  calls=91
  reorder branch rebuild             0.008 ms    8.7%  calls=66
  leaf recording                     0.004 ms    5.1%  calls=15
  pivot selection                    0.001 ms    1.1%  calls=14
  intersect/intersectInto            0.003 ms    3.9%  calls=119
  setDiff                            0.003 ms    3.8%  calls=174
  unionSet                           0.006 ms    6.4%  calls=223
  encodeClique                       0.000 ms    0.3%  calls=21
  sibling phase local                0.012 ms   14.3%  calls=53
  other / untimed                    0.002 ms    2.3%
  PROFILED subtotal                  0.085 ms   97.7%
  TOTAL (wall)                       0.086 ms  100.0%
──────────────────────────────────────────────────────────────
