Graph: /Users/wajid/Desktop/Research/Projects/BK/adaptiveBKAlgo/data/gen_small_009.txt
Exit code: 0

Running ReorderSib (Ascending degeneracy) (Optimized Exact Search) Algorithm...
ReorderSib: cliques=7  dups=0  maxSize=3  checks=25  time=0.025 ms

── ReorderSib cost breakdown ─────────────────────────────────
  rCall local logic                  0.002 ms    7.3%  calls=9
  enumerate local logic              0.004 ms   17.3%  calls=25
  collectCoveringCliques             0.001 ms    2.5%  calls=7
  dominance pruning                  0.000 ms    0.8%  calls=4
  buildHitSets                       0.000 ms    1.0%  calls=4
  sibling planning                   0.001 ms    3.7%  calls=7
  solver                             0.000 ms    0.0%  calls=0
  minimalByInclusion                 0.000 ms    0.0%  calls=0
  commonExpand                       0.000 ms    1.7%  calls=12
  sibling branch build               0.002 ms    8.5%  calls=7
  branch dedup                       0.001 ms    5.8%  calls=4
  reorder skip tests                 0.000 ms    1.2%  calls=19
  reorder branch rebuild             0.002 ms    6.3%  calls=8
  leaf recording                     0.003 ms   10.2%  calls=7
  pivot selection                    0.001 ms    2.2%  calls=8
  intersect/intersectInto            0.001 ms    5.1%  calls=43
  setDiff                            0.001 ms    2.2%  calls=18
  unionSet                           0.001 ms    4.7%  calls=21
  encodeClique                       0.000 ms    1.0%  calls=11
  sibling phase local                0.003 ms   13.2%  calls=7
  other / untimed                    0.001 ms    5.4%
  PROFILED subtotal                  0.023 ms   94.6%
  TOTAL (wall)                       0.025 ms  100.0%
──────────────────────────────────────────────────────────────
