Graph: /Users/wajid/Desktop/Research/Projects/BK/adaptiveBKAlgo/data/gen_tiny_004.txt
Exit code: 0

Running ReorderSib (Ascending degeneracy) (Optimized Exact Search) Algorithm...
ReorderSib: cliques=12  dups=0  maxSize=4  checks=23  time=0.051 ms

── ReorderSib cost breakdown ─────────────────────────────────
  rCall local logic                  0.002 ms    3.9%  calls=17
  enumerate local logic              0.006 ms   11.3%  calls=23
  collectCoveringCliques             0.002 ms    4.6%  calls=16
  dominance pruning                  0.001 ms    1.6%  calls=9
  buildHitSets                       0.001 ms    1.4%  calls=9
  sibling planning                   0.002 ms    3.6%  calls=16
  solver                             0.006 ms   11.6%  calls=6
  minimalByInclusion                 0.000 ms    0.0%  calls=0
  commonExpand                       0.001 ms    2.1%  calls=22
  sibling branch build               0.004 ms    8.7%  calls=16
  branch dedup                       0.005 ms    9.4%  calls=9
  reorder skip tests                 0.001 ms    1.4%  calls=39
  reorder branch rebuild             0.004 ms    8.2%  calls=16
  leaf recording                     0.005 ms    8.9%  calls=12
  pivot selection                    0.000 ms    0.6%  calls=10
  intersect/intersectInto            0.003 ms    5.1%  calls=67
  setDiff                            0.002 ms    3.0%  calls=51
  unionSet                           0.002 ms    3.1%  calls=40
  encodeClique                       0.000 ms    0.5%  calls=16
  sibling phase local                0.005 ms    8.8%  calls=16
  other / untimed                    0.001 ms    2.2%
  PROFILED subtotal                  0.050 ms   97.8%
  TOTAL (wall)                       0.051 ms  100.0%
──────────────────────────────────────────────────────────────
