Graph: /Users/wajid/Desktop/Research/Projects/BK/adaptiveBKAlgo/data/gen_medium_008.txt
Exit code: 0

Running ReorderSib (Ascending degeneracy) (Optimized Exact Search) Algorithm...
ReorderSib: cliques=12  dups=0  maxSize=3  checks=24  time=0.064 ms

── ReorderSib cost breakdown ─────────────────────────────────
  rCall local logic                  0.003 ms    4.4%  calls=49
  enumerate local logic              0.009 ms   14.4%  calls=24
  collectCoveringCliques             0.001 ms    2.2%  calls=48
  dominance pruning                  0.000 ms    0.5%  calls=9
  buildHitSets                       0.000 ms    0.3%  calls=9
  sibling planning                   0.003 ms    5.1%  calls=48
  solver                             0.002 ms    2.5%  calls=1
  minimalByInclusion                 0.000 ms    0.0%  calls=0
  commonExpand                       0.003 ms    4.0%  calls=101
  sibling branch build               0.009 ms   13.3%  calls=48
  branch dedup                       0.002 ms    3.8%  calls=9
  reorder skip tests                 0.001 ms    1.6%  calls=72
  reorder branch rebuild             0.006 ms    9.2%  calls=51
  leaf recording                     0.004 ms    6.4%  calls=12
  pivot selection                    0.000 ms    0.8%  calls=10
  intersect/intersectInto            0.002 ms    3.2%  calls=77
  setDiff                            0.003 ms    4.3%  calls=112
  unionSet                           0.003 ms    5.1%  calls=152
  encodeClique                       0.000 ms    0.3%  calls=16
  sibling phase local                0.010 ms   15.4%  calls=48
  other / untimed                    0.002 ms    3.2%
  PROFILED subtotal                  0.062 ms   96.8%
  TOTAL (wall)                       0.064 ms  100.0%
──────────────────────────────────────────────────────────────
