Graph: /Users/wajid/Desktop/Research/Projects/BK/adaptiveBKAlgo/data/gen_big_008.txt
Exit code: 0

Running ReorderSib (Ascending degeneracy) (Optimized Exact Search) Algorithm...
ReorderSib: cliques=10  dups=0  maxSize=3  checks=35  time=0.132 ms

── ReorderSib cost breakdown ─────────────────────────────────
  rCall local logic                  0.006 ms    4.2%  calls=146
  enumerate local logic              0.018 ms   13.3%  calls=35
  collectCoveringCliques             0.003 ms    1.9%  calls=145
  dominance pruning                  0.000 ms    0.2%  calls=9
  buildHitSets                       0.000 ms    0.3%  calls=9
  sibling planning                   0.006 ms    4.2%  calls=145
  solver                             0.000 ms    0.0%  calls=0
  minimalByInclusion                 0.000 ms    0.0%  calls=0
  commonExpand                       0.008 ms    6.0%  calls=277
  sibling branch build               0.017 ms   12.6%  calls=145
  branch dedup                       0.002 ms    1.3%  calls=9
  reorder skip tests                 0.002 ms    1.8%  calls=173
  reorder branch rebuild             0.016 ms   11.8%  calls=153
  leaf recording                     0.003 ms    2.0%  calls=10
  pivot selection                    0.001 ms    0.5%  calls=15
  intersect/intersectInto            0.005 ms    3.4%  calls=194
  setDiff                            0.006 ms    4.9%  calls=286
  unionSet                           0.010 ms    7.5%  calls=430
  encodeClique                       0.000 ms    0.2%  calls=11
  sibling phase local                0.026 ms   19.5%  calls=145
  other / untimed                    0.006 ms    4.3%
  PROFILED subtotal                  0.126 ms   95.7%
  TOTAL (wall)                       0.132 ms  100.0%
──────────────────────────────────────────────────────────────
