Graph: /Users/wajid/Desktop/Research/Projects/BK/adaptiveBKAlgo/data/gen_big_002.txt
Exit code: 0

Running ReorderSib (Ascending degeneracy) (Optimized Exact Search) Algorithm...
ReorderSib: cliques=3  dups=0  maxSize=3  checks=133  time=0.095 ms

── ReorderSib cost breakdown ─────────────────────────────────
  rCall local logic                  0.005 ms    5.7%  calls=72
  enumerate local logic              0.020 ms   20.7%  calls=133
  collectCoveringCliques             0.001 ms    1.3%  calls=71
  dominance pruning                  0.000 ms    0.0%  calls=2
  buildHitSets                       0.000 ms    0.1%  calls=2
  sibling planning                   0.004 ms    3.9%  calls=71
  solver                             0.000 ms    0.0%  calls=0
  minimalByInclusion                 0.000 ms    0.0%  calls=0
  commonExpand                       0.005 ms    5.0%  calls=136
  sibling branch build               0.010 ms   10.4%  calls=71
  branch dedup                       0.001 ms    0.5%  calls=2
  reorder skip tests                 0.001 ms    1.4%  calls=81
  reorder branch rebuild             0.009 ms    9.5%  calls=74
  leaf recording                     0.001 ms    1.5%  calls=3
  pivot selection                    0.002 ms    2.2%  calls=46
  intersect/intersectInto            0.005 ms    5.0%  calls=250
  setDiff                            0.003 ms    3.4%  calls=138
  unionSet                           0.006 ms    6.7%  calls=210
  encodeClique                       0.000 ms    0.1%  calls=3
  sibling phase local                0.016 ms   16.6%  calls=71
  other / untimed                    0.006 ms    5.9%
  PROFILED subtotal                  0.089 ms   94.1%
  TOTAL (wall)                       0.095 ms  100.0%
──────────────────────────────────────────────────────────────
