Graph: /Users/wajid/Desktop/Research/Projects/BK/adaptiveBKAlgo/data/gen_tiny_027.txt
Exit code: 0

Running ReorderSib (Ascending degeneracy) (Optimized Exact Search) Algorithm...
ReorderSib: cliques=2  dups=0  maxSize=8  checks=14  time=0.015 ms

── ReorderSib cost breakdown ─────────────────────────────────
  rCall local logic                  0.001 ms    3.6%  calls=3
  enumerate local logic              0.004 ms   24.5%  calls=14
  collectCoveringCliques             0.001 ms    3.4%  calls=2
  dominance pruning                  0.000 ms    0.6%  calls=1
  buildHitSets                       0.000 ms    0.3%  calls=1
  sibling planning                   0.000 ms    2.8%  calls=2
  solver                             0.000 ms    0.0%  calls=0
  minimalByInclusion                 0.000 ms    0.0%  calls=0
  commonExpand                       0.001 ms    3.7%  calls=7
  sibling branch build               0.001 ms    7.0%  calls=2
  branch dedup                       0.000 ms    0.6%  calls=1
  reorder skip tests                 0.000 ms    2.2%  calls=16
  reorder branch rebuild             0.000 ms    2.8%  calls=2
  leaf recording                     0.002 ms   13.2%  calls=2
  pivot selection                    0.001 ms    5.6%  calls=12
  intersect/intersectInto            0.001 ms    8.1%  calls=26
  setDiff                            0.000 ms    1.7%  calls=8
  unionSet                           0.000 ms    3.4%  calls=9
  encodeClique                       0.000 ms    0.6%  calls=2
  sibling phase local                0.001 ms    7.6%  calls=2
  other / untimed                    0.001 ms    8.4%
  PROFILED subtotal                  0.014 ms   91.6%
  TOTAL (wall)                       0.015 ms  100.0%
──────────────────────────────────────────────────────────────
