Graph: /Users/wajid/Desktop/Research/Projects/BK/adaptiveBKAlgo/data/gen_medium_014.txt
Exit code: 0

Running ReorderSib (Ascending degeneracy) (Optimized Exact Search) Algorithm...
ReorderSib: cliques=2  dups=0  maxSize=3  checks=63  time=0.024 ms

── ReorderSib cost breakdown ─────────────────────────────────
  rCall local logic                  0.002 ms    7.4%  calls=13
  enumerate local logic              0.006 ms   25.7%  calls=63
  collectCoveringCliques             0.000 ms    1.2%  calls=12
  dominance pruning                  0.000 ms    0.3%  calls=1
  buildHitSets                       0.000 ms    0.5%  calls=1
  sibling planning                   0.001 ms    2.6%  calls=12
  solver                             0.000 ms    0.0%  calls=0
  minimalByInclusion                 0.000 ms    0.0%  calls=0
  commonExpand                       0.001 ms    4.0%  calls=25
  sibling branch build               0.002 ms    7.6%  calls=12
  branch dedup                       0.000 ms    0.3%  calls=1
  reorder skip tests                 0.000 ms    1.4%  calls=19
  reorder branch rebuild             0.001 ms    5.9%  calls=14
  leaf recording                     0.001 ms    3.3%  calls=2
  pivot selection                    0.001 ms    4.8%  calls=22
  intersect/intersectInto            0.002 ms    9.3%  calls=98
  setDiff                            0.001 ms    2.4%  calls=26
  unionSet                           0.001 ms    4.5%  calls=39
  encodeClique                       0.000 ms    0.2%  calls=2
  sibling phase local                0.002 ms   10.0%  calls=12
  other / untimed                    0.002 ms    8.6%
  PROFILED subtotal                  0.022 ms   91.4%
  TOTAL (wall)                       0.024 ms  100.0%
──────────────────────────────────────────────────────────────
