Graph: /Users/wajid/Desktop/Research/Projects/BK/adaptiveBKAlgo/data/gen_small_000.txt
Exit code: 0

Running ReorderSib (Ascending degeneracy) (Optimized Exact Search) Algorithm...
ReorderSib: cliques=5  dups=0  maxSize=5  checks=14  time=0.022 ms

── ReorderSib cost breakdown ─────────────────────────────────
  rCall local logic                  0.001 ms    5.6%  calls=10
  enumerate local logic              0.003 ms   14.4%  calls=14
  collectCoveringCliques             0.001 ms    3.3%  calls=9
  dominance pruning                  0.000 ms    1.5%  calls=7
  buildHitSets                       0.000 ms    1.7%  calls=7
  sibling planning                   0.001 ms    4.8%  calls=9
  solver                             0.001 ms    4.2%  calls=1
  minimalByInclusion                 0.000 ms    0.0%  calls=0
  commonExpand                       0.000 ms    1.9%  calls=11
  sibling branch build               0.001 ms    5.6%  calls=9
  branch dedup                       0.001 ms    4.8%  calls=7
  reorder skip tests                 0.000 ms    1.7%  calls=24
  reorder branch rebuild             0.002 ms    6.9%  calls=10
  leaf recording                     0.002 ms   10.0%  calls=5
  pivot selection                    0.001 ms    2.7%  calls=9
  intersect/intersectInto            0.001 ms    4.6%  calls=30
  setDiff                            0.001 ms    2.9%  calls=19
  unionSet                           0.001 ms    5.4%  calls=21
  encodeClique                       0.000 ms    0.4%  calls=7
  sibling phase local                0.003 ms   12.3%  calls=9
  other / untimed                    0.001 ms    5.2%
  PROFILED subtotal                  0.021 ms   94.8%
  TOTAL (wall)                       0.022 ms  100.0%
──────────────────────────────────────────────────────────────
