Graph: /Users/wajid/Desktop/Research/Projects/BK/adaptiveBKAlgo/data/gen_small_011.txt
Exit code: 0

Running ReorderSib (Ascending degeneracy) (Optimized Exact Search) Algorithm...
ReorderSib: cliques=81  dups=0  maxSize=6  checks=151  time=0.367 ms

── ReorderSib cost breakdown ─────────────────────────────────
  rCall local logic                  0.011 ms    3.0%  calls=117
  enumerate local logic              0.032 ms    8.7%  calls=151
  collectCoveringCliques             0.027 ms    7.4%  calls=103
  dominance pruning                  0.023 ms    6.4%  calls=77
  buildHitSets                       0.010 ms    2.7%  calls=77
  sibling planning                   0.014 ms    3.9%  calls=103
  solver                             0.078 ms   21.3%  calls=49
  minimalByInclusion                 0.000 ms    0.0%  calls=0
  commonExpand                       0.008 ms    2.2%  calls=159
  sibling branch build               0.025 ms    6.9%  calls=103
  branch dedup                       0.020 ms    5.6%  calls=77
  reorder skip tests                 0.005 ms    1.3%  calls=245
  reorder branch rebuild             0.021 ms    5.7%  calls=116
  leaf recording                     0.019 ms    5.3%  calls=81
  pivot selection                    0.004 ms    1.2%  calls=70
  intersect/intersectInto            0.017 ms    4.7%  calls=544
  setDiff                            0.021 ms    5.6%  calls=631
  unionSet                           0.008 ms    2.2%  calls=278
  encodeClique                       0.002 ms    0.5%  calls=123
  sibling phase local                0.018 ms    5.0%  calls=103
  other / untimed                    0.001 ms    0.4%
  PROFILED subtotal                  0.366 ms   99.6%
  TOTAL (wall)                       0.367 ms  100.0%
──────────────────────────────────────────────────────────────
