Graph: /Users/wajid/Desktop/Research/Projects/BK/adaptiveBKAlgo/data/gen_tiny_012.txt
Exit code: 0

Running ReorderSib (Ascending degeneracy) (Optimized Exact Search) Algorithm...
ReorderSib: cliques=3  dups=0  maxSize=5  checks=12  time=0.015 ms

── ReorderSib cost breakdown ─────────────────────────────────
  rCall local logic                  0.001 ms    4.9%  calls=3
  enumerate local logic              0.003 ms   20.8%  calls=12
  collectCoveringCliques             0.000 ms    1.1%  calls=2
  dominance pruning                  0.000 ms    0.5%  calls=1
  buildHitSets                       0.000 ms    1.1%  calls=1
  sibling planning                   0.001 ms    4.6%  calls=2
  solver                             0.000 ms    0.0%  calls=0
  minimalByInclusion                 0.000 ms    0.0%  calls=0
  commonExpand                       0.000 ms    1.3%  calls=5
  sibling branch build               0.002 ms   10.8%  calls=2
  branch dedup                       0.001 ms    9.5%  calls=1
  reorder skip tests                 0.000 ms    1.6%  calls=14
  reorder branch rebuild             0.000 ms    2.2%  calls=2
  leaf recording                     0.002 ms   11.6%  calls=3
  pivot selection                    0.001 ms    4.3%  calls=9
  intersect/intersectInto            0.001 ms    6.8%  calls=23
  setDiff                            0.000 ms    1.1%  calls=6
  unionSet                           0.001 ms    4.1%  calls=7
  encodeClique                       0.000 ms    0.5%  calls=3
  sibling phase local                0.001 ms    6.8%  calls=2
  other / untimed                    0.001 ms    6.5%
  PROFILED subtotal                  0.014 ms   93.5%
  TOTAL (wall)                       0.015 ms  100.0%
──────────────────────────────────────────────────────────────
