Graph: /Users/wajid/Desktop/Research/Projects/BK/adaptiveBKAlgo/data/gen_big_023.txt
Exit code: 0

Running ReorderSib (Ascending degeneracy) (Optimized Exact Search) Algorithm...
ReorderSib: cliques=160  dups=1  maxSize=4  checks=200  time=0.424 ms

── ReorderSib cost breakdown ─────────────────────────────────
  rCall local logic                  0.015 ms    3.6%  calls=206
  enumerate local logic              0.045 ms   10.7%  calls=200
  collectCoveringCliques             0.011 ms    2.5%  calls=147
  dominance pruning                  0.004 ms    1.0%  calls=91
  buildHitSets                       0.008 ms    1.8%  calls=91
  sibling planning                   0.015 ms    3.4%  calls=147
  solver                             0.048 ms   11.3%  calls=50
  minimalByInclusion                 0.000 ms    0.0%  calls=0
  commonExpand                       0.020 ms    4.6%  calls=487
  sibling branch build               0.048 ms   11.2%  calls=147
  branch dedup                       0.041 ms    9.7%  calls=91
  reorder skip tests                 0.007 ms    1.7%  calls=505
  reorder branch rebuild             0.032 ms    7.5%  calls=310
  leaf recording                     0.027 ms    6.5%  calls=160
  pivot selection                    0.001 ms    0.3%  calls=35
  intersect/intersectInto            0.021 ms    4.9%  calls=751
  setDiff                            0.019 ms    4.4%  calls=779
  unionSet                           0.018 ms    4.2%  calls=866
  encodeClique                       0.004 ms    1.0%  calls=288
  sibling phase local                0.035 ms    8.3%  calls=147
  other / untimed                    0.005 ms    1.1%
  PROFILED subtotal                  0.419 ms   98.9%
  TOTAL (wall)                       0.424 ms  100.0%
──────────────────────────────────────────────────────────────
