Graph: /Users/wajid/Desktop/Research/Projects/BK/adaptiveBKAlgo/data/gen_small_023.txt
Exit code: 0

Running ReorderSib (Ascending degeneracy) (Optimized Exact Search) Algorithm...
ReorderSib: cliques=261  dups=0  maxSize=8  checks=470  time=2.327 ms

── ReorderSib cost breakdown ─────────────────────────────────
  rCall local logic                  0.044 ms    1.9%  calls=687
  enumerate local logic              0.115 ms    4.9%  calls=470
  collectCoveringCliques             0.252 ms   10.8%  calls=663
  dominance pruning                  0.202 ms    8.7%  calls=591
  buildHitSets                       0.073 ms    3.2%  calls=591
  sibling planning                   0.076 ms    3.3%  calls=663
  solver                             0.636 ms   27.3%  calls=445
  minimalByInclusion                 0.000 ms    0.0%  calls=0
  commonExpand                       0.031 ms    1.3%  calls=469
  sibling branch build               0.122 ms    5.2%  calls=663
  branch dedup                       0.125 ms    5.4%  calls=591
  reorder skip tests                 0.020 ms    0.9%  calls=1057
  reorder branch rebuild             0.138 ms    5.9%  calls=686
  leaf recording                     0.045 ms    1.9%  calls=261
  pivot selection                    0.009 ms    0.4%  calls=209
  intersect/intersectInto            0.167 ms    7.2%  calls=4187
  setDiff                            0.138 ms    5.9%  calls=3994
  unionSet                           0.036 ms    1.5%  calls=1276
  encodeClique                       0.008 ms    0.3%  calls=396
  sibling phase local                0.090 ms    3.9%  calls=663
  other / untimed                    0.002 ms    0.1%
  PROFILED subtotal                  2.325 ms   99.9%
  TOTAL (wall)                       2.327 ms  100.0%
──────────────────────────────────────────────────────────────
