Graph: /Users/wajid/Desktop/Research/Projects/BK/adaptiveBKAlgo/data/gen_medium_020.txt
Exit code: 0

Running ReorderSib (Ascending degeneracy) (Optimized Exact Search) Algorithm...
ReorderSib: cliques=16  dups=0  maxSize=3  checks=32  time=0.061 ms

── ReorderSib cost breakdown ─────────────────────────────────
  rCall local logic                  0.003 ms    5.3%  calls=38
  enumerate local logic              0.009 ms   15.0%  calls=32
  collectCoveringCliques             0.001 ms    1.8%  calls=37
  dominance pruning                  0.001 ms    2.0%  calls=9
  buildHitSets                       0.000 ms    0.7%  calls=9
  sibling planning                   0.002 ms    3.8%  calls=37
  solver                             0.003 ms    4.9%  calls=3
  minimalByInclusion                 0.000 ms    0.0%  calls=0
  commonExpand                       0.003 ms    4.5%  calls=74
  sibling branch build               0.006 ms    9.9%  calls=37
  branch dedup                       0.002 ms    2.6%  calls=9
  reorder skip tests                 0.001 ms    1.4%  calls=70
  reorder branch rebuild             0.004 ms    6.8%  calls=41
  leaf recording                     0.006 ms    9.1%  calls=16
  pivot selection                    0.000 ms    0.7%  calls=14
  intersect/intersectInto            0.003 ms    4.4%  calls=74
  setDiff                            0.002 ms    3.1%  calls=89
  unionSet                           0.003 ms    4.3%  calls=115
  encodeClique                       0.000 ms    0.7%  calls=20
  sibling phase local                0.009 ms   15.0%  calls=37
  other / untimed                    0.002 ms    3.9%
  PROFILED subtotal                  0.059 ms   96.1%
  TOTAL (wall)                       0.061 ms  100.0%
──────────────────────────────────────────────────────────────
