Graph: /Users/wajid/Desktop/Research/Projects/BK/adaptiveBKAlgo/data/gen_big_000.txt
Exit code: 0

Running ReorderSib (Ascending degeneracy) (Optimized Exact Search) Algorithm...
ReorderSib: cliques=5  dups=0  maxSize=10  checks=45  time=0.067 ms

── ReorderSib cost breakdown ─────────────────────────────────
  rCall local logic                  0.002 ms    3.2%  calls=34
  enumerate local logic              0.012 ms   18.1%  calls=45
  collectCoveringCliques             0.003 ms    3.9%  calls=33
  dominance pruning                  0.001 ms    1.0%  calls=26
  buildHitSets                       0.001 ms    1.6%  calls=26
  sibling planning                   0.003 ms    4.9%  calls=33
  solver                             0.000 ms    0.0%  calls=0
  minimalByInclusion                 0.000 ms    0.0%  calls=0
  commonExpand                       0.002 ms    2.3%  calls=37
  sibling branch build               0.004 ms    6.4%  calls=33
  branch dedup                       0.002 ms    2.6%  calls=26
  reorder skip tests                 0.001 ms    1.9%  calls=70
  reorder branch rebuild             0.004 ms    6.2%  calls=34
  leaf recording                     0.005 ms    7.4%  calls=5
  pivot selection                    0.003 ms    4.3%  calls=34
  intersect/intersectInto            0.006 ms    8.4%  calls=108
  setDiff                            0.003 ms    4.0%  calls=63
  unionSet                           0.003 ms    3.8%  calls=71
  encodeClique                       0.000 ms    0.3%  calls=5
  sibling phase local                0.008 ms   12.5%  calls=33
  other / untimed                    0.005 ms    7.2%
  PROFILED subtotal                  0.062 ms   92.8%
  TOTAL (wall)                       0.067 ms  100.0%
──────────────────────────────────────────────────────────────
