Graph: /Users/wajid/Desktop/Research/Projects/BK/adaptiveBKAlgo/data/gen_small_014.txt
Exit code: 0

Running ReorderSib (Ascending degeneracy) (Optimized Exact Search) Algorithm...
ReorderSib: cliques=3  dups=0  maxSize=3  checks=19  time=0.021 ms

── ReorderSib cost breakdown ─────────────────────────────────
  rCall local logic                  0.001 ms    5.0%  calls=11
  enumerate local logic              0.004 ms   19.3%  calls=19
  collectCoveringCliques             0.000 ms    1.6%  calls=10
  dominance pruning                  0.000 ms    0.8%  calls=1
  buildHitSets                       0.000 ms    0.6%  calls=1
  sibling planning                   0.002 ms    7.8%  calls=10
  solver                             0.000 ms    0.0%  calls=0
  minimalByInclusion                 0.000 ms    0.0%  calls=0
  commonExpand                       0.001 ms    2.4%  calls=18
  sibling branch build               0.002 ms    9.7%  calls=10
  branch dedup                       0.000 ms    0.6%  calls=1
  reorder skip tests                 0.000 ms    0.8%  calls=17
  reorder branch rebuild             0.002 ms    7.4%  calls=10
  leaf recording                     0.001 ms    7.0%  calls=3
  pivot selection                    0.000 ms    2.0%  calls=8
  intersect/intersectInto            0.001 ms    5.6%  calls=34
  setDiff                            0.001 ms    2.8%  calls=20
  unionSet                           0.001 ms    3.4%  calls=28
  encodeClique                       0.000 ms    0.4%  calls=3
  sibling phase local                0.003 ms   15.9%  calls=10
  other / untimed                    0.002 ms    7.2%
  PROFILED subtotal                  0.019 ms   92.8%
  TOTAL (wall)                       0.021 ms  100.0%
──────────────────────────────────────────────────────────────
