Graph: /Users/wajid/Desktop/Research/Projects/BK/adaptiveBKAlgo/data/gen_medium_028.txt
Exit code: 0

Running ReorderSib (Ascending degeneracy) (Optimized Exact Search) Algorithm...
ReorderSib: cliques=6  dups=0  maxSize=8  checks=41  time=0.044 ms

── ReorderSib cost breakdown ─────────────────────────────────
  rCall local logic                  0.003 ms    5.8%  calls=21
  enumerate local logic              0.008 ms   19.0%  calls=41
  collectCoveringCliques             0.002 ms    4.1%  calls=20
  dominance pruning                  0.001 ms    1.7%  calls=15
  buildHitSets                       0.001 ms    1.9%  calls=15
  sibling planning                   0.002 ms    4.2%  calls=20
  solver                             0.001 ms    2.1%  calls=1
  minimalByInclusion                 0.000 ms    0.0%  calls=0
  commonExpand                       0.001 ms    2.4%  calls=25
  sibling branch build               0.004 ms    8.7%  calls=20
  branch dedup                       0.001 ms    2.8%  calls=15
  reorder skip tests                 0.001 ms    2.3%  calls=47
  reorder branch rebuild             0.002 ms    5.2%  calls=21
  leaf recording                     0.004 ms    9.0%  calls=6
  pivot selection                    0.002 ms    3.6%  calls=25
  intersect/intersectInto            0.003 ms    7.4%  calls=82
  setDiff                            0.001 ms    2.6%  calls=42
  unionSet                           0.001 ms    2.9%  calls=46
  encodeClique                       0.000 ms    0.5%  calls=7
  sibling phase local                0.004 ms    8.7%  calls=20
  other / untimed                    0.002 ms    5.0%
  PROFILED subtotal                  0.042 ms   95.0%
  TOTAL (wall)                       0.044 ms  100.0%
──────────────────────────────────────────────────────────────
