Graph: /Users/wajid/Desktop/Research/Projects/BK/adaptiveBKAlgo/data/gen_tiny_026.txt
Exit code: 0

Running ReorderSib (Ascending degeneracy) (Optimized Exact Search) Algorithm...
ReorderSib: cliques=20  dups=0  maxSize=6  checks=36  time=0.103 ms

── ReorderSib cost breakdown ─────────────────────────────────
  rCall local logic                  0.003 ms    3.1%  calls=36
  enumerate local logic              0.011 ms   10.5%  calls=36
  collectCoveringCliques             0.006 ms    5.3%  calls=35
  dominance pruning                  0.003 ms    2.6%  calls=26
  buildHitSets                       0.002 ms    1.9%  calls=26
  sibling planning                   0.005 ms    5.3%  calls=35
  solver                             0.016 ms   15.4%  calls=12
  minimalByInclusion                 0.000 ms    0.0%  calls=0
  commonExpand                       0.002 ms    2.2%  calls=49
  sibling branch build               0.010 ms    9.5%  calls=35
  branch dedup                       0.008 ms    7.3%  calls=26
  reorder skip tests                 0.001 ms    1.3%  calls=70
  reorder branch rebuild             0.006 ms    6.1%  calls=35
  leaf recording                     0.007 ms    6.7%  calls=20
  pivot selection                    0.001 ms    0.8%  calls=16
  intersect/intersectInto            0.005 ms    4.8%  calls=111
  setDiff                            0.005 ms    4.9%  calls=123
  unionSet                           0.003 ms    2.8%  calls=86
  encodeClique                       0.000 ms    0.4%  calls=29
  sibling phase local                0.008 ms    8.0%  calls=35
  other / untimed                    0.001 ms    1.2%
  PROFILED subtotal                  0.102 ms   98.8%
  TOTAL (wall)                       0.103 ms  100.0%
──────────────────────────────────────────────────────────────
