Graph: /Users/wajid/Desktop/Research/Projects/BK/adaptiveBKAlgo/data/gen_small_003.txt
Exit code: 0

Running ReorderSib (Ascending degeneracy) (Optimized Exact Search) Algorithm...
ReorderSib: cliques=54  dups=0  maxSize=5  checks=79  time=0.159 ms

── ReorderSib cost breakdown ─────────────────────────────────
  rCall local logic                  0.008 ms    4.8%  calls=73
  enumerate local logic              0.017 ms   10.7%  calls=79
  collectCoveringCliques             0.008 ms    5.3%  calls=61
  dominance pruning                  0.004 ms    2.5%  calls=35
  buildHitSets                       0.003 ms    1.8%  calls=35
  sibling planning                   0.007 ms    4.1%  calls=61
  solver                             0.021 ms   13.4%  calls=19
  minimalByInclusion                 0.000 ms    0.0%  calls=0
  commonExpand                       0.006 ms    3.5%  calls=102
  sibling branch build               0.013 ms    7.9%  calls=61
  branch dedup                       0.013 ms    8.1%  calls=35
  reorder skip tests                 0.002 ms    1.6%  calls=153
  reorder branch rebuild             0.011 ms    7.0%  calls=73
  leaf recording                     0.011 ms    6.7%  calls=54
  pivot selection                    0.001 ms    0.8%  calls=24
  intersect/intersectInto            0.009 ms    5.4%  calls=238
  setDiff                            0.006 ms    3.9%  calls=234
  unionSet                           0.006 ms    3.5%  calls=184
  encodeClique                       0.001 ms    0.6%  calls=93
  sibling phase local                0.012 ms    7.4%  calls=61
  other / untimed                    0.002 ms    1.0%
  PROFILED subtotal                  0.157 ms   99.0%
  TOTAL (wall)                       0.159 ms  100.0%
──────────────────────────────────────────────────────────────
