Graph: /Users/wajid/Desktop/Research/Projects/BK/adaptiveBKAlgo/data/gen_medium_027.txt
Exit code: 0

Running ReorderSib (Ascending degeneracy) (Optimized Exact Search) Algorithm...
ReorderSib: cliques=7  dups=0  maxSize=3  checks=57  time=0.045 ms

── ReorderSib cost breakdown ─────────────────────────────────
  rCall local logic                  0.003 ms    5.7%  calls=22
  enumerate local logic              0.008 ms   18.5%  calls=57
  collectCoveringCliques             0.001 ms    2.1%  calls=21
  dominance pruning                  0.000 ms    0.6%  calls=5
  buildHitSets                       0.000 ms    0.8%  calls=5
  sibling planning                   0.002 ms    5.0%  calls=21
  solver                             0.001 ms    2.0%  calls=1
  minimalByInclusion                 0.000 ms    0.0%  calls=0
  commonExpand                       0.002 ms    3.7%  calls=45
  sibling branch build               0.004 ms    8.8%  calls=21
  branch dedup                       0.002 ms    3.9%  calls=5
  reorder skip tests                 0.001 ms    1.2%  calls=35
  reorder branch rebuild             0.004 ms    8.1%  calls=22
  leaf recording                     0.002 ms    5.4%  calls=7
  pivot selection                    0.001 ms    2.3%  calls=19
  intersect/intersectInto            0.003 ms    6.1%  calls=97
  setDiff                            0.002 ms    5.1%  calls=51
  unionSet                           0.002 ms    3.7%  calls=67
  encodeClique                       0.000 ms    0.5%  calls=9
  sibling phase local                0.005 ms   11.9%  calls=21
  other / untimed                    0.002 ms    4.6%
  PROFILED subtotal                  0.043 ms   95.4%
  TOTAL (wall)                       0.045 ms  100.0%
──────────────────────────────────────────────────────────────
