Graph: /Users/wajid/Desktop/Research/Projects/BK/adaptiveBKAlgo/data/gen_tiny_006.txt
Exit code: 0

Running ReorderSib (Ascending degeneracy) (Optimized Exact Search) Algorithm...
ReorderSib: cliques=1  dups=0  maxSize=7  checks=7  time=0.005 ms

── ReorderSib cost breakdown ─────────────────────────────────
  rCall local logic                  0.000 ms    5.8%  calls=1
  enumerate local logic              0.001 ms   25.8%  calls=7
  collectCoveringCliques             0.000 ms    0.0%  calls=0
  dominance pruning                  0.000 ms    0.0%  calls=0
  buildHitSets                       0.000 ms    0.0%  calls=0
  sibling planning                   0.000 ms    0.0%  calls=0
  solver                             0.000 ms    0.0%  calls=0
  minimalByInclusion                 0.000 ms    0.0%  calls=0
  commonExpand                       0.000 ms    0.0%  calls=0
  sibling branch build               0.000 ms    0.0%  calls=0
  branch dedup                       0.000 ms    0.0%  calls=0
  reorder skip tests                 0.000 ms    5.8%  calls=7
  reorder branch rebuild             0.000 ms    0.0%  calls=0
  leaf recording                     0.001 ms   16.7%  calls=1
  pivot selection                    0.001 ms   10.0%  calls=6
  intersect/intersectInto            0.001 ms   14.2%  calls=12
  setDiff                            0.000 ms    0.0%  calls=0
  unionSet                           0.000 ms    0.0%  calls=0
  encodeClique                       0.000 ms    0.8%  calls=1
  sibling phase local                0.000 ms    0.0%  calls=0
  other / untimed                    0.001 ms   20.8%
  PROFILED subtotal                  0.004 ms   79.2%
  TOTAL (wall)                       0.005 ms  100.0%
──────────────────────────────────────────────────────────────
