Graph: /Users/wajid/Desktop/Research/Projects/BK/adaptiveBKAlgo/data/gen_tiny_024.txt
Exit code: 0

Running ReorderSib (Ascending degeneracy) (Optimized Exact Search) Algorithm...
ReorderSib: cliques=1  dups=0  maxSize=3  checks=3  time=0.009 ms

── ReorderSib cost breakdown ─────────────────────────────────
  rCall local logic                  0.001 ms    5.3%  calls=5
  enumerate local logic              0.002 ms   19.8%  calls=3
  collectCoveringCliques             0.000 ms    0.0%  calls=4
  dominance pruning                  0.000 ms    0.0%  calls=0
  buildHitSets                       0.000 ms    0.0%  calls=0
  sibling planning                   0.000 ms    3.5%  calls=4
  solver                             0.000 ms    0.0%  calls=0
  minimalByInclusion                 0.000 ms    0.0%  calls=0
  commonExpand                       0.000 ms    2.6%  calls=6
  sibling branch build               0.001 ms    7.5%  calls=4
  branch dedup                       0.000 ms    0.0%  calls=0
  reorder skip tests                 0.000 ms    0.9%  calls=7
  reorder branch rebuild             0.001 ms    6.6%  calls=4
  leaf recording                     0.001 ms    8.8%  calls=1
  pivot selection                    0.000 ms    1.8%  calls=2
  intersect/intersectInto            0.001 ms    5.3%  calls=8
  setDiff                            0.000 ms    1.3%  calls=6
  unionSet                           0.001 ms    5.7%  calls=10
  encodeClique                       0.000 ms    0.4%  calls=1
  sibling phase local                0.002 ms   16.3%  calls=4
  other / untimed                    0.001 ms   14.1%
  PROFILED subtotal                  0.008 ms   85.9%
  TOTAL (wall)                       0.009 ms  100.0%
──────────────────────────────────────────────────────────────
