Graph: /Users/wajid/Desktop/Research/Projects/BK/adaptiveBKAlgo/data/gen_medium_005.txt
Exit code: 0

Running ReorderSib (Ascending degeneracy) (Optimized Exact Search) Algorithm...
ReorderSib: cliques=122  dups=5  maxSize=4  checks=139  time=0.269 ms

── ReorderSib cost breakdown ─────────────────────────────────
  rCall local logic                  0.013 ms    4.8%  calls=153
  enumerate local logic              0.027 ms   10.1%  calls=139
  collectCoveringCliques             0.012 ms    4.5%  calls=80
  dominance pruning                  0.006 ms    2.3%  calls=55
  buildHitSets                       0.005 ms    1.9%  calls=55
  sibling planning                   0.008 ms    3.1%  calls=80
  solver                             0.039 ms   14.4%  calls=27
  minimalByInclusion                 0.000 ms    0.0%  calls=0
  commonExpand                       0.009 ms    3.5%  calls=164
  sibling branch build               0.022 ms    8.0%  calls=80
  branch dedup                       0.023 ms    8.6%  calls=55
  reorder skip tests                 0.005 ms    1.8%  calls=299
  reorder branch rebuild             0.021 ms    7.9%  calls=160
  leaf recording                     0.021 ms    8.0%  calls=122
  pivot selection                    0.001 ms    0.4%  calls=15
  intersect/intersectInto            0.015 ms    5.4%  calls=508
  setDiff                            0.011 ms    4.2%  calls=435
  unionSet                           0.008 ms    2.9%  calls=346
  encodeClique                       0.003 ms    1.3%  calls=237
  sibling phase local                0.016 ms    6.1%  calls=80
  other / untimed                    0.002 ms    0.8%
  PROFILED subtotal                  0.267 ms   99.2%
  TOTAL (wall)                       0.269 ms  100.0%
──────────────────────────────────────────────────────────────
