Graph: /Users/wajid/Desktop/Research/Projects/BK/adaptiveBKAlgo/data/gen_small_010.txt
Exit code: 0

Running ReorderSib (Ascending degeneracy) (Optimized Exact Search) Algorithm...
ReorderSib: cliques=3  dups=0  maxSize=6  checks=13  time=0.019 ms

── ReorderSib cost breakdown ─────────────────────────────────
  rCall local logic                  0.001 ms    4.0%  calls=11
  enumerate local logic              0.003 ms   17.6%  calls=13
  collectCoveringCliques             0.001 ms    3.6%  calls=10
  dominance pruning                  0.000 ms    0.9%  calls=7
  buildHitSets                       0.000 ms    1.3%  calls=7
  sibling planning                   0.001 ms    5.8%  calls=10
  solver                             0.000 ms    0.0%  calls=0
  minimalByInclusion                 0.000 ms    0.0%  calls=0
  commonExpand                       0.000 ms    2.5%  calls=10
  sibling branch build               0.001 ms    4.7%  calls=10
  branch dedup                       0.000 ms    0.9%  calls=7
  reorder skip tests                 0.000 ms    2.2%  calls=24
  reorder branch rebuild             0.001 ms    7.6%  calls=11
  leaf recording                     0.002 ms   12.3%  calls=3
  pivot selection                    0.001 ms    3.3%  calls=10
  intersect/intersectInto            0.001 ms    6.2%  calls=31
  setDiff                            0.001 ms    2.7%  calls=17
  unionSet                           0.001 ms    4.0%  calls=21
  encodeClique                       0.000 ms    0.7%  calls=3
  sibling phase local                0.002 ms   12.5%  calls=10
  other / untimed                    0.001 ms    7.3%
  PROFILED subtotal                  0.017 ms   92.7%
  TOTAL (wall)                       0.019 ms  100.0%
──────────────────────────────────────────────────────────────
