Graph: /Users/wajid/Desktop/Research/Projects/BK/adaptiveBKAlgo/data/gen_small_028.txt
Exit code: 0

Running ReorderSib (Ascending degeneracy) (Optimized Exact Search) Algorithm...
ReorderSib: cliques=33  dups=0  maxSize=6  checks=50  time=0.181 ms

── ReorderSib cost breakdown ─────────────────────────────────
  rCall local logic                  0.006 ms    3.0%  calls=73
  enumerate local logic              0.016 ms    9.0%  calls=50
  collectCoveringCliques             0.011 ms    6.0%  calls=67
  dominance pruning                  0.005 ms    2.9%  calls=55
  buildHitSets                       0.005 ms    3.0%  calls=55
  sibling planning                   0.006 ms    3.5%  calls=67
  solver                             0.027 ms   15.0%  calls=28
  minimalByInclusion                 0.000 ms    0.0%  calls=0
  commonExpand                       0.003 ms    1.9%  calls=59
  sibling branch build               0.014 ms    8.0%  calls=67
  branch dedup                       0.023 ms   12.6%  calls=55
  reorder skip tests                 0.002 ms    1.0%  calls=122
  reorder branch rebuild             0.013 ms    7.3%  calls=72
  leaf recording                     0.010 ms    5.3%  calls=33
  pivot selection                    0.001 ms    0.6%  calls=17
  intersect/intersectInto            0.012 ms    6.5%  calls=332
  setDiff                            0.007 ms    4.1%  calls=249
  unionSet                           0.004 ms    2.4%  calls=153
  encodeClique                       0.001 ms    0.5%  calls=55
  sibling phase local                0.012 ms    6.8%  calls=67
  other / untimed                    0.001 ms    0.7%
  PROFILED subtotal                  0.180 ms   99.3%
  TOTAL (wall)                       0.181 ms  100.0%
──────────────────────────────────────────────────────────────
