Graph: /Users/wajid/Desktop/Research/Projects/BK/adaptiveBKAlgo/data/gen_medium_013.txt
Exit code: 0

Running ReorderSib (Ascending degeneracy) (Optimized Exact Search) Algorithm...
ReorderSib: cliques=1  dups=0  maxSize=3  checks=24  time=0.011 ms

── ReorderSib cost breakdown ─────────────────────────────────
  rCall local logic                  0.001 ms   10.9%  calls=4
  enumerate local logic              0.003 ms   27.9%  calls=24
  collectCoveringCliques             0.000 ms    1.1%  calls=3
  dominance pruning                  0.000 ms    0.0%  calls=0
  buildHitSets                       0.000 ms    0.0%  calls=0
  sibling planning                   0.000 ms    1.5%  calls=3
  solver                             0.000 ms    0.0%  calls=0
  minimalByInclusion                 0.000 ms    0.0%  calls=0
  commonExpand                       0.000 ms    1.1%  calls=3
  sibling branch build               0.001 ms    4.9%  calls=3
  branch dedup                       0.000 ms    0.0%  calls=0
  reorder skip tests                 0.000 ms    1.1%  calls=7
  reorder branch rebuild             0.001 ms    4.9%  calls=4
  leaf recording                     0.001 ms   10.9%  calls=1
  pivot selection                    0.001 ms    5.6%  calls=9
  intersect/intersectInto            0.001 ms    5.6%  calls=36
  setDiff                            0.000 ms    0.7%  calls=3
  unionSet                           0.000 ms    2.3%  calls=7
  encodeClique                       0.000 ms    0.0%  calls=1
  sibling phase local                0.000 ms    4.2%  calls=3
  other / untimed                    0.002 ms   17.3%
  PROFILED subtotal                  0.009 ms   82.7%
  TOTAL (wall)                       0.011 ms  100.0%
──────────────────────────────────────────────────────────────
