Graph: /Users/wajid/Desktop/Research/Projects/BK/adaptiveBKAlgo/data/gen_small_004.txt
Exit code: 0

Running ReorderSib (Ascending degeneracy) (Optimized Exact Search) Algorithm...
ReorderSib: cliques=125  dups=10  maxSize=7  checks=165  time=0.561 ms

── ReorderSib cost breakdown ─────────────────────────────────
  rCall local logic                  0.018 ms    3.1%  calls=262
  enumerate local logic              0.041 ms    7.3%  calls=165
  collectCoveringCliques             0.041 ms    7.3%  calls=218
  dominance pruning                  0.028 ms    4.9%  calls=174
  buildHitSets                       0.016 ms    2.9%  calls=174
  sibling planning                   0.020 ms    3.6%  calls=218
  solver                             0.093 ms   16.7%  calls=88
  minimalByInclusion                 0.000 ms    0.0%  calls=0
  commonExpand                       0.016 ms    2.9%  calls=231
  sibling branch build               0.043 ms    7.6%  calls=218
  branch dedup                       0.045 ms    8.1%  calls=174
  reorder skip tests                 0.007 ms    1.3%  calls=413
  reorder branch rebuild             0.044 ms    7.8%  calls=261
  leaf recording                     0.021 ms    3.8%  calls=125
  pivot selection                    0.002 ms    0.3%  calls=40
  intersect/intersectInto            0.040 ms    7.2%  calls=1215
  setDiff                            0.026 ms    4.6%  calls=968
  unionSet                           0.014 ms    2.5%  calls=579
  encodeClique                       0.004 ms    0.6%  calls=230
  sibling phase local                0.040 ms    7.1%  calls=218
  other / untimed                    0.002 ms    0.3%
  PROFILED subtotal                  0.560 ms   99.7%
  TOTAL (wall)                       0.561 ms  100.0%
──────────────────────────────────────────────────────────────
