Graph: /Users/wajid/Desktop/Research/Projects/BK/adaptiveBKAlgo/data/gen_tiny_020.txt
Exit code: 0

Running ReorderSib (Ascending degeneracy) (Optimized Exact Search) Algorithm...
ReorderSib: cliques=2  dups=0  maxSize=10  checks=18  time=0.017 ms

── ReorderSib cost breakdown ─────────────────────────────────
  rCall local logic                  0.000 ms    2.9%  calls=3
  enumerate local logic              0.005 ms   26.3%  calls=18
  collectCoveringCliques             0.000 ms    1.2%  calls=2
  dominance pruning                  0.000 ms    0.5%  calls=1
  buildHitSets                       0.000 ms    0.5%  calls=1
  sibling planning                   0.000 ms    2.2%  calls=2
  solver                             0.000 ms    0.0%  calls=0
  minimalByInclusion                 0.000 ms    0.0%  calls=0
  commonExpand                       0.001 ms    3.9%  calls=9
  sibling branch build               0.001 ms    7.0%  calls=2
  branch dedup                       0.000 ms    0.5%  calls=1
  reorder skip tests                 0.001 ms    2.9%  calls=20
  reorder branch rebuild             0.001 ms    2.9%  calls=2
  leaf recording                     0.002 ms   12.4%  calls=2
  pivot selection                    0.002 ms    8.8%  calls=16
  intersect/intersectInto            0.001 ms    8.8%  calls=34
  setDiff                            0.000 ms    2.7%  calls=10
  unionSet                           0.000 ms    2.2%  calls=11
  encodeClique                       0.000 ms    0.7%  calls=2
  sibling phase local                0.001 ms    5.8%  calls=2
  other / untimed                    0.001 ms    7.8%
  PROFILED subtotal                  0.016 ms   92.2%
  TOTAL (wall)                       0.017 ms  100.0%
──────────────────────────────────────────────────────────────
