Graph: /Users/wajid/Desktop/Research/Projects/BK/adaptiveBKAlgo/data/gen_tiny_025.txt
Exit code: 0

Running ReorderSib (Ascending degeneracy) (Optimized Exact Search) Algorithm...
ReorderSib: cliques=12  dups=0  maxSize=4  checks=17  time=0.037 ms

── ReorderSib cost breakdown ─────────────────────────────────
  rCall local logic                  0.002 ms    6.1%  calls=13
  enumerate local logic              0.005 ms   12.1%  calls=17
  collectCoveringCliques             0.001 ms    3.0%  calls=11
  dominance pruning                  0.001 ms    1.3%  calls=7
  buildHitSets                       0.001 ms    1.4%  calls=7
  sibling planning                   0.001 ms    4.0%  calls=11
  solver                             0.003 ms    8.2%  calls=3
  minimalByInclusion                 0.000 ms    0.0%  calls=0
  commonExpand                       0.001 ms    2.6%  calls=18
  sibling branch build               0.003 ms    8.0%  calls=11
  branch dedup                       0.004 ms   10.9%  calls=7
  reorder skip tests                 0.001 ms    1.6%  calls=30
  reorder branch rebuild             0.002 ms    5.0%  calls=12
  leaf recording                     0.004 ms   11.3%  calls=12
  pivot selection                    0.000 ms    0.8%  calls=5
  intersect/intersectInto            0.001 ms    3.5%  calls=31
  setDiff                            0.001 ms    3.7%  calls=30
  unionSet                           0.001 ms    3.1%  calls=32
  encodeClique                       0.000 ms    0.8%  calls=20
  sibling phase local                0.003 ms    9.1%  calls=11
  other / untimed                    0.001 ms    3.3%
  PROFILED subtotal                  0.036 ms   96.7%
  TOTAL (wall)                       0.037 ms  100.0%
──────────────────────────────────────────────────────────────
