Graph: /Users/wajid/Desktop/Research/Projects/BK/adaptiveBKAlgo/data/gen_small_015.txt
Exit code: 0

Running ReorderSib (Ascending degeneracy) (Optimized Exact Search) Algorithm...
ReorderSib: cliques=48  dups=1  maxSize=4  checks=62  time=0.141 ms

── ReorderSib cost breakdown ─────────────────────────────────
  rCall local logic                  0.008 ms    5.4%  calls=60
  enumerate local logic              0.014 ms    9.6%  calls=62
  collectCoveringCliques             0.005 ms    3.9%  calls=44
  dominance pruning                  0.003 ms    2.3%  calls=25
  buildHitSets                       0.002 ms    1.4%  calls=25
  sibling planning                   0.004 ms    3.1%  calls=44
  solver                             0.020 ms   14.1%  calls=17
  minimalByInclusion                 0.000 ms    0.0%  calls=0
  commonExpand                       0.004 ms    2.7%  calls=78
  sibling branch build               0.017 ms   12.0%  calls=44
  branch dedup                       0.011 ms    8.1%  calls=25
  reorder skip tests                 0.002 ms    1.4%  calls=125
  reorder branch rebuild             0.010 ms    7.3%  calls=61
  leaf recording                     0.011 ms    8.0%  calls=48
  pivot selection                    0.001 ms    0.6%  calls=14
  intersect/intersectInto            0.006 ms    4.6%  calls=183
  setDiff                            0.006 ms    4.1%  calls=181
  unionSet                           0.003 ms    2.5%  calls=148
  encodeClique                       0.001 ms    0.8%  calls=85
  sibling phase local                0.010 ms    7.0%  calls=44
  other / untimed                    0.002 ms    1.1%
  PROFILED subtotal                  0.140 ms   98.9%
  TOTAL (wall)                       0.141 ms  100.0%
──────────────────────────────────────────────────────────────
