Graph: /Users/wajid/Desktop/Research/Projects/BK/adaptiveBKAlgo/data/gen_big_029.txt
Exit code: 0

Running ReorderSib (Ascending degeneracy) (Optimized Exact Search) Algorithm...
ReorderSib: cliques=279  dups=0  maxSize=4  checks=317  time=0.641 ms

── ReorderSib cost breakdown ─────────────────────────────────
  rCall local logic                  0.029 ms    4.5%  calls=332
  enumerate local logic              0.064 ms   10.0%  calls=317
  collectCoveringCliques             0.018 ms    2.8%  calls=204
  dominance pruning                  0.007 ms    1.1%  calls=138
  buildHitSets                       0.008 ms    1.3%  calls=138
  sibling planning                   0.020 ms    3.1%  calls=204
  solver                             0.083 ms   13.0%  calls=76
  minimalByInclusion                 0.000 ms    0.0%  calls=0
  commonExpand                       0.033 ms    5.1%  calls=708
  sibling branch build               0.068 ms   10.6%  calls=204
  branch dedup                       0.065 ms   10.2%  calls=138
  reorder skip tests                 0.011 ms    1.7%  calls=799
  reorder branch rebuild             0.050 ms    7.8%  calls=484
  leaf recording                     0.042 ms    6.5%  calls=279
  pivot selection                    0.002 ms    0.3%  calls=33
  intersect/intersectInto            0.033 ms    5.1%  calls=1240
  setDiff                            0.031 ms    4.9%  calls=1258
  unionSet                           0.024 ms    3.8%  calls=1301
  encodeClique                       0.007 ms    1.0%  calls=527
  sibling phase local                0.043 ms    6.7%  calls=204
  other / untimed                    0.004 ms    0.6%
  PROFILED subtotal                  0.637 ms   99.4%
  TOTAL (wall)                       0.641 ms  100.0%
──────────────────────────────────────────────────────────────
