Graph: /Users/wajid/Desktop/Research/Projects/BK/adaptiveBKAlgo/data/gen_big_001.txt
Exit code: 0

Running ReorderSib (Ascending degeneracy) (Optimized Exact Search) Algorithm...
ReorderSib: cliques=0  dups=0  maxSize=0  checks=48  time=0.013 ms

── ReorderSib cost breakdown ─────────────────────────────────
  rCall local logic                  0.001 ms    9.2%  calls=1
  enumerate local logic              0.005 ms   35.3%  calls=48
  collectCoveringCliques             0.000 ms    0.0%  calls=0
  dominance pruning                  0.000 ms    0.0%  calls=0
  buildHitSets                       0.000 ms    0.0%  calls=0
  sibling planning                   0.000 ms    0.0%  calls=0
  solver                             0.000 ms    0.0%  calls=0
  minimalByInclusion                 0.000 ms    0.0%  calls=0
  commonExpand                       0.000 ms    0.0%  calls=0
  sibling branch build               0.000 ms    0.0%  calls=0
  branch dedup                       0.000 ms    0.0%  calls=0
  reorder skip tests                 0.000 ms    0.0%  calls=0
  reorder branch rebuild             0.000 ms    0.0%  calls=0
  leaf recording                     0.000 ms    0.0%  calls=0
  pivot selection                    0.001 ms    6.4%  calls=16
  intersect/intersectInto            0.001 ms    6.1%  calls=64
  setDiff                            0.000 ms    0.0%  calls=0
  unionSet                           0.000 ms    0.0%  calls=0
  encodeClique                       0.000 ms    0.0%  calls=0
  sibling phase local                0.000 ms    0.0%  calls=0
  other / untimed                    0.006 ms   43.0%
  PROFILED subtotal                  0.007 ms   57.0%
  TOTAL (wall)                       0.013 ms  100.0%
──────────────────────────────────────────────────────────────
