Graph: /Users/wajid/Desktop/Research/Projects/BK/adaptiveBKAlgo/data/generated_random_bench_n8000_p0.0025_seed20260524.txt
Exit code: 0

Running ReorderSib (Ascending degeneracy) (Optimized Exact Search) Algorithm...
ReorderSib: cliques=1360  dups=0  maxSize=3  checks=2516  time=24.787 ms

── ReorderSib cost breakdown ─────────────────────────────────
  rCall local logic                  0.359 ms    1.5%  calls=8057
  enumerate local logic              1.792 ms    7.2%  calls=2516
  collectCoveringCliques             0.238 ms    1.0%  calls=8044
  dominance pruning                  0.028 ms    0.1%  calls=1310
  buildHitSets                       0.057 ms    0.2%  calls=1310
  sibling planning                   0.922 ms    3.7%  calls=8044
  solver                             0.211 ms    0.9%  calls=119
  minimalByInclusion                 0.000 ms    0.0%  calls=0
  commonExpand                       6.621 ms   26.7%  calls=78193
  sibling branch build               4.668 ms   18.8%  calls=8044
  branch dedup                       1.086 ms    4.4%  calls=1310
  reorder skip tests                 0.269 ms    1.1%  calls=17667
  reorder branch rebuild             1.322 ms    5.3%  calls=15261
  leaf recording                     0.296 ms    1.2%  calls=1360
  pivot selection                    0.197 ms    0.8%  calls=1059
  intersect/intersectInto            0.580 ms    2.3%  calls=18799
  setDiff                            2.060 ms    8.3%  calls=80498
  unionSet                           1.996 ms    8.1%  calls=93618
  encodeClique                       0.025 ms    0.1%  calls=1675
  sibling phase local                1.910 ms    7.7%  calls=8044
  other / untimed                    0.151 ms    0.6%
  PROFILED subtotal                 24.636 ms   99.4%
  TOTAL (wall)                      24.787 ms  100.0%
──────────────────────────────────────────────────────────────
