Graph: /Users/wajid/Desktop/Research/Projects/BK/adaptiveBKAlgo/data/generated_random_dense_n6500_p0.008_seed20260525.txt
Exit code: 0

Running ReorderSib (Ascending degeneracy) (Optimized Exact Search) Algorithm...
ReorderSib: cliques=23327  dups=1  maxSize=4  checks=24001  time=143.835 ms

── ReorderSib cost breakdown ─────────────────────────────────
  rCall local logic                  2.885 ms    2.0%  calls=26738
  enumerate local logic              8.557 ms    5.9%  calls=24001
  collectCoveringCliques             2.099 ms    1.5%  calls=11708
  dominance pruning                  0.451 ms    0.3%  calls=8311
  buildHitSets                       0.690 ms    0.5%  calls=8311
  sibling planning                   1.395 ms    1.0%  calls=11708
  solver                            31.132 ms   21.6%  calls=5119
  minimalByInclusion                 0.000 ms    0.0%  calls=0
  commonExpand                      30.007 ms   20.9%  calls=151277
  sibling branch build              10.318 ms    7.2%  calls=11708
  branch dedup                      10.954 ms    7.6%  calls=8311
  reorder skip tests                 1.978 ms    1.4%  calls=136932
  reorder branch rebuild            10.914 ms    7.6%  calls=112929
  leaf recording                     3.271 ms    2.3%  calls=23327
  pivot selection                    0.324 ms    0.2%  calls=673
  intersect/intersectInto            7.770 ms    5.4%  calls=248663
  setDiff                           11.998 ms    8.3%  calls=262781
  unionSet                           5.380 ms    3.7%  calls=279322
  encodeClique                       0.646 ms    0.4%  calls=45984
  sibling phase local                2.952 ms    2.1%  calls=11708
  other / untimed                    0.114 ms    0.1%
  PROFILED subtotal                143.721 ms   99.9%
  TOTAL (wall)                     143.835 ms  100.0%
──────────────────────────────────────────────────────────────
