Graph: /Users/wajid/Desktop/Research/Projects/BK/adaptiveBKAlgo/data/generated_random_bench_n6000_p0.005_seed20260524.txt
Exit code: 0

Running ReorderSib (Ascending degeneracy) (Optimized Exact Search) Algorithm...
ReorderSib: cliques=4460  dups=0  maxSize=4  checks=6102  time=43.681 ms

── ReorderSib cost breakdown ─────────────────────────────────
  rCall local logic                  0.587 ms    1.3%  calls=8128
  enumerate local logic              3.309 ms    7.6%  calls=6102
  collectCoveringCliques             0.498 ms    1.1%  calls=7447
  dominance pruning                  0.094 ms    0.2%  calls=3559
  buildHitSets                       0.172 ms    0.4%  calls=3559
  sibling planning                   1.150 ms    2.6%  calls=7447
  solver                             2.890 ms    6.6%  calls=1153
  minimalByInclusion                 0.000 ms    0.0%  calls=0
  commonExpand                      10.638 ms   24.4%  calls=86440
  sibling branch build               5.837 ms   13.4%  calls=7447
  branch dedup                       3.841 ms    8.8%  calls=3559
  reorder skip tests                 0.621 ms    1.4%  calls=41742
  reorder branch rebuild             2.840 ms    6.5%  calls=35687
  leaf recording                     0.768 ms    1.8%  calls=4460
  pivot selection                    0.301 ms    0.7%  calls=1596
  intersect/intersectInto            1.598 ms    3.7%  calls=54586
  setDiff                            3.485 ms    8.0%  calls=102926
  unionSet                           2.597 ms    5.9%  calls=123783
  encodeClique                       0.106 ms    0.2%  calls=7328
  sibling phase local                2.219 ms    5.1%  calls=7447
  other / untimed                    0.131 ms    0.3%
  PROFILED subtotal                 43.550 ms   99.7%
  TOTAL (wall)                      43.681 ms  100.0%
──────────────────────────────────────────────────────────────
