Graph: /Users/wajid/Desktop/Research/Projects/BK/adaptiveBKAlgo/data/generated_random_sparse_n12000_p0.0015_seed20260525.txt
Exit code: 0

Running ReorderSib (Ascending degeneracy) (Optimized Exact Search) Algorithm...
ReorderSib: cliques=987  dups=0  maxSize=3  checks=2105  time=31.039 ms

── ReorderSib cost breakdown ─────────────────────────────────
  rCall local logic                  0.476 ms    1.5%  calls=11865
  enumerate local logic              2.247 ms    7.2%  calls=2105
  collectCoveringCliques             0.270 ms    0.9%  calls=11863
  dominance pruning                  0.020 ms    0.1%  calls=970
  buildHitSets                       0.038 ms    0.1%  calls=970
  sibling planning                   1.026 ms    3.3%  calls=11863
  solver                             0.103 ms    0.3%  calls=44
  minimalByInclusion                 0.000 ms    0.0%  calls=0
  commonExpand                       8.654 ms   27.9%  calls=106673
  sibling branch build               6.539 ms   21.1%  calls=11863
  branch dedup                       0.713 ms    2.3%  calls=970
  reorder skip tests                 0.301 ms    1.0%  calls=18639
  reorder branch rebuild             1.451 ms    4.7%  calls=16763
  leaf recording                     0.258 ms    0.8%  calls=987
  pivot selection                    0.348 ms    1.1%  calls=920
  intersect/intersectInto            0.594 ms    1.9%  calls=19217
  setDiff                            2.563 ms    8.3%  calls=107874
  unionSet                           2.477 ms    8.0%  calls=123477
  encodeClique                       0.017 ms    0.1%  calls=1086
  sibling phase local                2.741 ms    8.8%  calls=11863
  other / untimed                    0.204 ms    0.7%
  PROFILED subtotal                 30.835 ms   99.3%
  TOTAL (wall)                      31.039 ms  100.0%
──────────────────────────────────────────────────────────────
